-- Logs begin at Fri 2021-06-04 14:41:44 UTC, end at Wed 2021-06-16 14:07:04 UTC. --
Jun 16 13:43:20.852093 u415 kernel: Linux version 4.15.0-144-generic (buildd@lgw01-amd64-031) (gcc version 7.5.0 (Ubuntu 7.5.0-3ubuntu1~18.04)) #148-Ubuntu SMP Sat May 8 02:33:43 UTC 2021 (Ubuntu 4.15.0-144.148-generic 4.15.18)
Jun 16 13:43:20.852130 u415 kernel: Command line: BOOT_IMAGE=/boot/vmlinuz-4.15.0-144-generic root=UUID=e1ce0265-2869-42cf-b9cd-16f0ad6def81 ro maybe-ubiquity
Jun 16 13:43:20.852142 u415 kernel: KERNEL supported cpus:
Jun 16 13:43:20.852151 u415 kernel:   Intel GenuineIntel
Jun 16 13:43:20.852158 u415 kernel:   AMD AuthenticAMD
Jun 16 13:43:20.852167 u415 kernel:   Centaur CentaurHauls
Jun 16 13:43:20.852181 u415 kernel: x86/fpu: Supporting XSAVE feature 0x001: 'x87 floating point registers'
Jun 16 13:43:20.852189 u415 kernel: x86/fpu: Supporting XSAVE feature 0x002: 'SSE registers'
Jun 16 13:43:20.852197 u415 kernel: x86/fpu: Supporting XSAVE feature 0x004: 'AVX registers'
Jun 16 13:43:20.852206 u415 kernel: x86/fpu: Supporting XSAVE feature 0x008: 'MPX bounds registers'
Jun 16 13:43:20.852214 u415 kernel: x86/fpu: Supporting XSAVE feature 0x010: 'MPX CSR'
Jun 16 13:43:20.852226 u415 kernel: x86/fpu: Supporting XSAVE feature 0x020: 'AVX-512 opmask'
Jun 16 13:43:20.852235 u415 kernel: x86/fpu: Supporting XSAVE feature 0x040: 'AVX-512 Hi256'
Jun 16 13:43:20.852244 u415 kernel: x86/fpu: Supporting XSAVE feature 0x080: 'AVX-512 ZMM_Hi256'
Jun 16 13:43:20.852256 u415 kernel: x86/fpu: Supporting XSAVE feature 0x200: 'Protection Keys User registers'
Jun 16 13:43:20.852265 u415 kernel: x86/fpu: xstate_offset[2]:  576, xstate_sizes[2]:  256
Jun 16 13:43:20.852273 u415 kernel: x86/fpu: xstate_offset[3]:  832, xstate_sizes[3]:   64
Jun 16 13:43:20.852282 u415 kernel: x86/fpu: xstate_offset[4]:  896, xstate_sizes[4]:   64
Jun 16 13:43:20.852290 u415 kernel: x86/fpu: xstate_offset[5]:  960, xstate_sizes[5]:   64
Jun 16 13:43:20.852297 u415 kernel: x86/fpu: xstate_offset[6]: 1024, xstate_sizes[6]:  512
Jun 16 13:43:20.852306 u415 kernel: x86/fpu: xstate_offset[7]: 1536, xstate_sizes[7]: 1024
Jun 16 13:43:20.852314 u415 kernel: x86/fpu: xstate_offset[9]: 2560, xstate_sizes[9]:    8
Jun 16 13:43:20.852322 u415 kernel: x86/fpu: Enabled xstate features 0x2ff, context size is 2568 bytes, using 'compacted' format.
Jun 16 13:43:20.852340 u415 kernel: e820: BIOS-provided physical RAM map:
Jun 16 13:43:20.852350 u415 kernel: BIOS-e820: [mem 0x0000000000000000-0x000000000009fbff] usable
Jun 16 13:43:20.852358 u415 kernel: BIOS-e820: [mem 0x000000000009fc00-0x000000000009ffff] reserved
Jun 16 13:43:20.852365 u415 kernel: BIOS-e820: [mem 0x00000000000f0000-0x00000000000fffff] reserved
Jun 16 13:43:20.852374 u415 kernel: BIOS-e820: [mem 0x0000000000100000-0x00000000bffd3fff] usable
Jun 16 13:43:20.852382 u415 kernel: BIOS-e820: [mem 0x00000000bffd4000-0x00000000bfffffff] reserved
Jun 16 13:43:20.852390 u415 kernel: BIOS-e820: [mem 0x00000000feffc000-0x00000000feffffff] reserved
Jun 16 13:43:20.852397 u415 kernel: BIOS-e820: [mem 0x00000000fffc0000-0x00000000ffffffff] reserved
Jun 16 13:43:20.852406 u415 kernel: BIOS-e820: [mem 0x0000000100000000-0x000000103fffffff] usable
Jun 16 13:43:20.852414 u415 kernel: NX (Execute Disable) protection: active
Jun 16 13:43:20.852422 u415 kernel: SMBIOS 2.8 present.
Jun 16 13:43:20.852430 u415 kernel: DMI: QEMU Standard PC (i440FX + PIIX, 1996), BIOS rel-1.14.0-0-g155821a1990b-prebuilt.qemu.org 04/01/2014
Jun 16 13:43:20.852441 u415 kernel: Hypervisor detected: KVM
Jun 16 13:43:20.852450 u415 kernel: e820: update [mem 0x00000000-0x00000fff] usable ==> reserved
Jun 16 13:43:20.852462 u415 kernel: e820: remove [mem 0x000a0000-0x000fffff] usable
Jun 16 13:43:20.852471 u415 kernel: e820: last_pfn = 0x1040000 max_arch_pfn = 0x400000000
Jun 16 13:43:20.852480 u415 kernel: MTRR default type: write-back
Jun 16 13:43:20.852492 u415 kernel: MTRR fixed ranges enabled:
Jun 16 13:43:20.852500 u415 kernel:   00000-9FFFF write-back
Jun 16 13:43:20.852509 u415 kernel:   A0000-BFFFF uncachable
Jun 16 13:43:20.852520 u415 kernel:   C0000-FFFFF write-protect
Jun 16 13:43:20.852528 u415 kernel: MTRR variable ranges enabled:
Jun 16 13:43:20.852536 u415 kernel:   0 base 0000C0000000 mask 3FFFC0000000 uncachable
Jun 16 13:43:20.852545 u415 kernel:   1 disabled
Jun 16 13:43:20.852553 u415 kernel:   2 disabled
Jun 16 13:43:20.852561 u415 kernel:   3 disabled
Jun 16 13:43:20.852569 u415 kernel:   4 disabled
Jun 16 13:43:20.852578 u415 kernel:   5 disabled
Jun 16 13:43:20.852587 u415 kernel:   6 disabled
Jun 16 13:43:20.852594 u415 kernel:   7 disabled
Jun 16 13:43:20.852608 u415 kernel: x86/PAT: Configuration [0-7]: WB  WC  UC- UC  WB  WP  UC- WT  
Jun 16 13:43:20.852617 u415 kernel: e820: last_pfn = 0xbffd4 max_arch_pfn = 0x400000000
Jun 16 13:43:20.852625 u415 kernel: found SMP MP-table at [mem 0x000f5940-0x000f594f]
Jun 16 13:43:20.852636 u415 kernel: Scanning 1 areas for low memory corruption
Jun 16 13:43:20.852645 u415 kernel: Using GB pages for direct mapping
Jun 16 13:43:20.852654 u415 kernel: RAMDISK: [mem 0x30c9f000-0x34646fff]
Jun 16 13:43:20.852662 u415 kernel: ACPI: Early table checksum verification disabled
Jun 16 13:43:20.852670 u415 kernel: ACPI: RSDP 0x00000000000F5900 000014 (v00 BOCHS )
Jun 16 13:43:20.852679 u415 kernel: ACPI: RSDT 0x00000000BFFE183A 000034 (v01 BOCHS  BXPC     00000001 BXPC 00000001)
Jun 16 13:43:20.852687 u415 kernel: ACPI: FACP 0x00000000BFFE1666 000074 (v01 BOCHS  BXPC     00000001 BXPC 00000001)
Jun 16 13:43:20.852695 u415 kernel: ACPI: DSDT 0x00000000BFFDF940 001D26 (v01 BOCHS  BXPC     00000001 BXPC 00000001)
Jun 16 13:43:20.852703 u415 kernel: ACPI: FACS 0x00000000BFFDF900 000040
Jun 16 13:43:20.852713 u415 kernel: ACPI: APIC 0x00000000BFFE16DA 000100 (v01 BOCHS  BXPC     00000001 BXPC 00000001)
Jun 16 13:43:20.852725 u415 kernel: ACPI: HPET 0x00000000BFFE17DA 000038 (v01 BOCHS  BXPC     00000001 BXPC 00000001)
Jun 16 13:43:20.852733 u415 kernel: ACPI: WAET 0x00000000BFFE1812 000028 (v01 BOCHS  BXPC     00000001 BXPC 00000001)
Jun 16 13:43:20.852742 u415 kernel: ACPI: Local APIC address 0xfee00000
Jun 16 13:43:20.852750 u415 kernel: No NUMA configuration found
Jun 16 13:43:20.852759 u415 kernel: Faking a node at [mem 0x0000000000000000-0x000000103fffffff]
Jun 16 13:43:20.852767 u415 kernel: NODE_DATA(0) allocated [mem 0x103ffd5000-0x103fffffff]
Jun 16 13:43:20.852776 u415 kernel: kvm-clock: cpu 0, msr 10:3ff54001, primary cpu clock
Jun 16 13:43:20.852793 u415 kernel: kvm-clock: Using msrs 4b564d01 and 4b564d00
Jun 16 13:43:20.852802 u415 kernel: kvm-clock: using sched offset of 2250937399 cycles
Jun 16 13:43:20.852810 u415 kernel: clocksource: kvm-clock: mask: 0xffffffffffffffff max_cycles: 0x1cd42e4dffb, max_idle_ns: 881590591483 ns
Jun 16 13:43:20.852818 u415 kernel: Zone ranges:
Jun 16 13:43:20.852827 u415 kernel:   DMA      [mem 0x0000000000001000-0x0000000000ffffff]
Jun 16 13:43:20.852839 u415 kernel:   DMA32    [mem 0x0000000001000000-0x00000000ffffffff]
Jun 16 13:43:20.852847 u415 kernel:   Normal   [mem 0x0000000100000000-0x000000103fffffff]
Jun 16 13:43:20.852856 u415 kernel:   Device   empty
Jun 16 13:43:20.852864 u415 kernel: Movable zone start for each node
Jun 16 13:43:20.852872 u415 kernel: Early memory node ranges
Jun 16 13:43:20.852880 u415 kernel:   node   0: [mem 0x0000000000001000-0x000000000009efff]
Jun 16 13:43:20.852889 u415 kernel:   node   0: [mem 0x0000000000100000-0x00000000bffd3fff]
Jun 16 13:43:20.852897 u415 kernel:   node   0: [mem 0x0000000100000000-0x000000103fffffff]
Jun 16 13:43:20.852905 u415 kernel: Reserved but unavailable: 98 pages
Jun 16 13:43:20.852913 u415 kernel: Initmem setup node 0 [mem 0x0000000000001000-0x000000103fffffff]
Jun 16 13:43:20.852922 u415 kernel: On node 0 totalpages: 16777074
Jun 16 13:43:20.852930 u415 kernel:   DMA zone: 64 pages used for memmap
Jun 16 13:43:20.852941 u415 kernel:   DMA zone: 21 pages reserved
Jun 16 13:43:20.852965 u415 kernel:   DMA zone: 3998 pages, LIFO batch:0
Jun 16 13:43:20.852974 u415 kernel:   DMA32 zone: 12224 pages used for memmap
Jun 16 13:43:20.852982 u415 kernel:   DMA32 zone: 782292 pages, LIFO batch:31
Jun 16 13:43:20.852991 u415 kernel:   Normal zone: 249856 pages used for memmap
Jun 16 13:43:20.853005 u415 kernel:   Normal zone: 15990784 pages, LIFO batch:31
Jun 16 13:43:20.853013 u415 kernel: ACPI: PM-Timer IO Port: 0x608
Jun 16 13:43:20.853021 u415 kernel: ACPI: Local APIC address 0xfee00000
Jun 16 13:43:20.853029 u415 kernel: ACPI: LAPIC_NMI (acpi_id[0xff] dfl dfl lint[0x1])
Jun 16 13:43:20.853038 u415 kernel: IOAPIC[0]: apic_id 0, version 17, address 0xfec00000, GSI 0-23
Jun 16 13:43:20.853047 u415 kernel: ACPI: INT_SRC_OVR (bus 0 bus_irq 0 global_irq 2 dfl dfl)
Jun 16 13:43:20.853055 u415 kernel: ACPI: INT_SRC_OVR (bus 0 bus_irq 5 global_irq 5 high level)
Jun 16 13:43:20.853063 u415 kernel: ACPI: INT_SRC_OVR (bus 0 bus_irq 9 global_irq 9 high level)
Jun 16 13:43:20.853075 u415 kernel: ACPI: INT_SRC_OVR (bus 0 bus_irq 10 global_irq 10 high level)
Jun 16 13:43:20.853087 u415 kernel: ACPI: INT_SRC_OVR (bus 0 bus_irq 11 global_irq 11 high level)
Jun 16 13:43:20.853095 u415 kernel: ACPI: IRQ0 used by override.
Jun 16 13:43:20.853104 u415 kernel: ACPI: IRQ5 used by override.
Jun 16 13:43:20.853113 u415 kernel: ACPI: IRQ9 used by override.
Jun 16 13:43:20.853121 u415 kernel: ACPI: IRQ10 used by override.
Jun 16 13:43:20.853129 u415 kernel: ACPI: IRQ11 used by override.
Jun 16 13:43:20.853137 u415 kernel: Using ACPI (MADT) for SMP configuration information
Jun 16 13:43:20.853146 u415 kernel: ACPI: HPET id: 0x8086a201 base: 0xfed00000
Jun 16 13:43:20.853154 u415 kernel: TSC deadline timer available
Jun 16 13:43:20.853162 u415 kernel: smpboot: Allowing 18 CPUs, 0 hotplug CPUs
Jun 16 13:43:20.853170 u415 kernel: PM: Registered nosave memory: [mem 0x00000000-0x00000fff]
Jun 16 13:43:20.853179 u415 kernel: PM: Registered nosave memory: [mem 0x0009f000-0x0009ffff]
Jun 16 13:43:20.853191 u415 kernel: PM: Registered nosave memory: [mem 0x000a0000-0x000effff]
Jun 16 13:43:20.853199 u415 kernel: PM: Registered nosave memory: [mem 0x000f0000-0x000fffff]
Jun 16 13:43:20.853218 u415 kernel: PM: Registered nosave memory: [mem 0xbffd4000-0xbfffffff]
Jun 16 13:43:20.853230 u415 kernel: PM: Registered nosave memory: [mem 0xc0000000-0xfeffbfff]
Jun 16 13:43:20.853239 u415 kernel: PM: Registered nosave memory: [mem 0xfeffc000-0xfeffffff]
Jun 16 13:43:20.853247 u415 kernel: PM: Registered nosave memory: [mem 0xff000000-0xfffbffff]
Jun 16 13:43:20.853255 u415 kernel: PM: Registered nosave memory: [mem 0xfffc0000-0xffffffff]
Jun 16 13:43:20.853263 u415 kernel: e820: [mem 0xc0000000-0xfeffbfff] available for PCI devices
Jun 16 13:43:20.853272 u415 kernel: Booting paravirtualized kernel on KVM
Jun 16 13:43:20.853281 u415 kernel: clocksource: refined-jiffies: mask: 0xffffffff max_cycles: 0xffffffff, max_idle_ns: 7645519600211568 ns
Jun 16 13:43:20.853290 u415 kernel: random: get_random_bytes called from start_kernel+0x99/0x500 with crng_init=0
Jun 16 13:43:20.853299 u415 kernel: setup_percpu: NR_CPUS:8192 nr_cpumask_bits:18 nr_cpu_ids:18 nr_node_ids:1
Jun 16 13:43:20.853308 u415 kernel: percpu: Embedded 45 pages/cpu s147456 r8192 d28672 u262144
Jun 16 13:43:20.853317 u415 kernel: pcpu-alloc: s147456 r8192 d28672 u262144 alloc=1*2097152
Jun 16 13:43:20.853325 u415 kernel: pcpu-alloc: [0] 00 01 02 03 04 05 06 07 [0] 08 09 10 11 12 13 14 15 
Jun 16 13:43:20.853336 u415 kernel: pcpu-alloc: [0] 16 17 -- -- -- -- -- -- 
Jun 16 13:43:20.853345 u415 kernel: KVM setup async PF for cpu 0
Jun 16 13:43:20.853354 u415 kernel: kvm-stealtime: cpu 0, msr fff023040
Jun 16 13:43:20.853362 u415 kernel: PV qspinlock hash table entries: 256 (order: 0, 4096 bytes)
Jun 16 13:43:20.853371 u415 kernel: Built 1 zonelists, mobility grouping on.  Total pages: 16514909
Jun 16 13:43:20.853380 u415 kernel: Policy zone: Normal
Jun 16 13:43:20.853394 u415 kernel: Kernel command line: BOOT_IMAGE=/boot/vmlinuz-4.15.0-144-generic root=UUID=e1ce0265-2869-42cf-b9cd-16f0ad6def81 ro maybe-ubiquity
Jun 16 13:43:20.853402 u415 kernel: Calgary: detecting Calgary via BIOS EBDA area
Jun 16 13:43:20.853410 u415 kernel: Calgary: Unable to locate Rio Grande table in EBDA - bailing!
Jun 16 13:43:20.853420 u415 kernel: Memory: 65902320K/67108296K available (12300K kernel code, 2483K rwdata, 4316K rodata, 2448K init, 2724K bss, 1205976K reserved, 0K cma-reserved)
Jun 16 13:43:20.853429 u415 kernel: SLUB: HWalign=64, Order=0-3, MinObjects=0, CPUs=18, Nodes=1
Jun 16 13:43:20.853437 u415 kernel: ftrace: allocating 39453 entries in 155 pages
Jun 16 13:43:20.853449 u415 kernel: Hierarchical RCU implementation.
Jun 16 13:43:20.853461 u415 kernel:         RCU restricting CPUs from NR_CPUS=8192 to nr_cpu_ids=18.
Jun 16 13:43:20.853469 u415 kernel:         Tasks RCU enabled.
Jun 16 13:43:20.853479 u415 kernel: RCU: Adjusting geometry for rcu_fanout_leaf=16, nr_cpu_ids=18
Jun 16 13:43:20.853488 u415 kernel: NR_IRQS: 524544, nr_irqs: 568, preallocated irqs: 16
Jun 16 13:43:20.853497 u415 kernel: Console: colour dummy device 80x25
Jun 16 13:43:20.853506 u415 kernel: console [tty0] enabled
Jun 16 13:43:20.853514 u415 kernel: ACPI: Core revision 20170831
Jun 16 13:43:20.853523 u415 kernel: ACPI: 1 ACPI AML tables successfully acquired and loaded
Jun 16 13:43:20.853533 u415 kernel: clocksource: hpet: mask: 0xffffffff max_cycles: 0xffffffff, max_idle_ns: 19112604467 ns
Jun 16 13:43:20.853540 u415 kernel: hpet clockevent registered
Jun 16 13:43:20.853552 u415 kernel: APIC: Switch to symmetric I/O mode setup
Jun 16 13:43:20.853561 u415 kernel: x2apic enabled
Jun 16 13:43:20.853570 u415 kernel: Switched APIC routing to physical x2apic.
Jun 16 13:43:20.853579 u415 kernel: ..TIMER: vector=0x30 apic1=0 pin1=2 apic2=-1 pin2=-1
Jun 16 13:43:20.853588 u415 kernel: tsc: Detected 2399.990 MHz processor
Jun 16 13:43:20.853597 u415 kernel: Calibrating delay loop (skipped) preset value.. 4799.98 BogoMIPS (lpj=9599960)
Jun 16 13:43:20.853608 u415 kernel: pid_max: default: 32768 minimum: 301
Jun 16 13:43:20.853617 u415 kernel: Security Framework initialized
Jun 16 13:43:20.853626 u415 kernel: Yama: becoming mindful.
Jun 16 13:43:20.853635 u415 kernel: AppArmor: AppArmor initialized
Jun 16 13:43:20.853643 u415 kernel: Dentry cache hash table entries: 8388608 (order: 14, 67108864 bytes)
Jun 16 13:43:20.853655 u415 kernel: Inode-cache hash table entries: 4194304 (order: 13, 33554432 bytes)
Jun 16 13:43:20.853665 u415 kernel: Mount-cache hash table entries: 131072 (order: 8, 1048576 bytes)
Jun 16 13:43:20.853675 u415 kernel: Mountpoint-cache hash table entries: 131072 (order: 8, 1048576 bytes)
Jun 16 13:43:20.853684 u415 kernel: x86/cpu: Activated the Intel User Mode Instruction Prevention (UMIP) CPU feature
Jun 16 13:43:20.853692 u415 kernel: Last level iTLB entries: 4KB 0, 2MB 0, 4MB 0
Jun 16 13:43:20.853704 u415 kernel: Last level dTLB entries: 4KB 0, 2MB 0, 4MB 0, 1GB 0
Jun 16 13:43:20.853714 u415 kernel: Spectre V1 : Mitigation: usercopy/swapgs barriers and __user pointer sanitization
Jun 16 13:43:20.853722 u415 kernel: Spectre V2 : Mitigation: Enhanced IBRS
Jun 16 13:43:20.853731 u415 kernel: Spectre V2 : Spectre v2 / SpectreRSB mitigation: Filling RSB on context switch
Jun 16 13:43:20.853741 u415 kernel: Spectre V2 : mitigation: Enabling conditional Indirect Branch Prediction Barrier
Jun 16 13:43:20.853749 u415 kernel: Speculative Store Bypass: Mitigation: Speculative Store Bypass disabled via prctl and seccomp
Jun 16 13:43:20.853758 u415 kernel: Freeing SMP alternatives memory: 36K
Jun 16 13:43:20.853767 u415 kernel: smpboot: CPU0: Intel(R) Xeon(R) Silver 4210R CPU @ 2.40GHz (family: 0x6, model: 0x55, stepping: 0x7)
Jun 16 13:43:20.853776 u415 kernel: Performance Events: Skylake events, Intel PMU driver.
Jun 16 13:43:20.853794 u415 kernel: ... version:                2
Jun 16 13:43:20.853802 u415 kernel: ... bit width:              48
Jun 16 13:43:20.853811 u415 kernel: ... generic registers:      8
Jun 16 13:43:20.853821 u415 kernel: ... value mask:             0000ffffffffffff
Jun 16 13:43:20.853829 u415 kernel: ... max period:             000000007fffffff
Jun 16 13:43:20.853837 u415 kernel: ... fixed-purpose events:   3
Jun 16 13:43:20.853847 u415 kernel: ... event mask:             00000007000000ff
Jun 16 13:43:20.853855 u415 kernel: Hierarchical SRCU implementation.
Jun 16 13:43:20.853863 u415 kernel: smp: Bringing up secondary CPUs ...
Jun 16 13:43:20.853872 u415 kernel: x86: Booting SMP configuration:
Jun 16 13:43:20.853884 u415 kernel: .... node  #0, CPUs:        #1
Jun 16 13:43:20.853894 u415 kernel: kvm-clock: cpu 1, msr 10:3ff54041, secondary cpu clock
Jun 16 13:43:20.853903 u415 kernel: x86/cpu: Activated the Intel User Mode Instruction Prevention (UMIP) CPU feature
Jun 16 13:43:20.853912 u415 kernel: KVM setup async PF for cpu 1
Jun 16 13:43:20.853922 u415 kernel: kvm-stealtime: cpu 1, msr fff063040
Jun 16 13:43:20.853930 u415 kernel:   #2
Jun 16 13:43:20.853939 u415 kernel: kvm-clock: cpu 2, msr 10:3ff54081, secondary cpu clock
Jun 16 13:43:20.853948 u415 kernel: x86/cpu: Activated the Intel User Mode Instruction Prevention (UMIP) CPU feature
Jun 16 13:43:20.853957 u415 kernel: KVM setup async PF for cpu 2
Jun 16 13:43:20.853966 u415 kernel: kvm-stealtime: cpu 2, msr fff0a3040
Jun 16 13:43:20.853977 u415 kernel:   #3
Jun 16 13:43:20.853987 u415 kernel: kvm-clock: cpu 3, msr 10:3ff540c1, secondary cpu clock
Jun 16 13:43:20.853996 u415 kernel: x86/cpu: Activated the Intel User Mode Instruction Prevention (UMIP) CPU feature
Jun 16 13:43:20.854004 u415 kernel: KVM setup async PF for cpu 3
Jun 16 13:43:20.854013 u415 kernel: kvm-stealtime: cpu 3, msr fff0e3040
Jun 16 13:43:20.854022 u415 kernel:   #4
Jun 16 13:43:20.854032 u415 kernel: kvm-clock: cpu 4, msr 10:3ff54101, secondary cpu clock
Jun 16 13:43:20.854040 u415 kernel: x86/cpu: Activated the Intel User Mode Instruction Prevention (UMIP) CPU feature
Jun 16 13:43:20.854048 u415 kernel: KVM setup async PF for cpu 4
Jun 16 13:43:20.854058 u415 kernel: kvm-stealtime: cpu 4, msr fff123040
Jun 16 13:43:20.854066 u415 kernel:   #5
Jun 16 13:43:20.854078 u415 kernel: kvm-clock: cpu 5, msr 10:3ff54141, secondary cpu clock
Jun 16 13:43:20.854087 u415 kernel: x86/cpu: Activated the Intel User Mode Instruction Prevention (UMIP) CPU feature
Jun 16 13:43:20.854096 u415 kernel: KVM setup async PF for cpu 5
Jun 16 13:43:20.854106 u415 kernel: kvm-stealtime: cpu 5, msr fff163040
Jun 16 13:43:20.854114 u415 kernel:   #6
Jun 16 13:43:20.854123 u415 kernel: kvm-clock: cpu 6, msr 10:3ff54181, secondary cpu clock
Jun 16 13:43:20.854133 u415 kernel: x86/cpu: Activated the Intel User Mode Instruction Prevention (UMIP) CPU feature
Jun 16 13:43:20.854142 u415 kernel: KVM setup async PF for cpu 6
Jun 16 13:43:20.854150 u415 kernel: kvm-stealtime: cpu 6, msr fff1a3040
Jun 16 13:43:20.854159 u415 kernel:   #7
Jun 16 13:43:20.854168 u415 kernel: kvm-clock: cpu 7, msr 10:3ff541c1, secondary cpu clock
Jun 16 13:43:20.854184 u415 kernel: x86/cpu: Activated the Intel User Mode Instruction Prevention (UMIP) CPU feature
Jun 16 13:43:20.854192 u415 kernel: KVM setup async PF for cpu 7
Jun 16 13:43:20.854201 u415 kernel: kvm-stealtime: cpu 7, msr fff1e3040
Jun 16 13:43:20.854210 u415 kernel:   #8
Jun 16 13:43:20.854218 u415 kernel: kvm-clock: cpu 8, msr 10:3ff54201, secondary cpu clock
Jun 16 13:43:20.854226 u415 kernel: x86/cpu: Activated the Intel User Mode Instruction Prevention (UMIP) CPU feature
Jun 16 13:43:20.854235 u415 kernel: KVM setup async PF for cpu 8
Jun 16 13:43:20.854245 u415 kernel: kvm-stealtime: cpu 8, msr fff223040
Jun 16 13:43:20.854253 u415 kernel:   #9
Jun 16 13:43:20.854261 u415 kernel: kvm-clock: cpu 9, msr 10:3ff54241, secondary cpu clock
Jun 16 13:43:20.854271 u415 kernel: x86/cpu: Activated the Intel User Mode Instruction Prevention (UMIP) CPU feature
Jun 16 13:43:20.854279 u415 kernel: KVM setup async PF for cpu 9
Jun 16 13:43:20.854290 u415 kernel: kvm-stealtime: cpu 9, msr fff263040
Jun 16 13:43:20.854299 u415 kernel:  #10
Jun 16 13:43:20.854308 u415 kernel: kvm-clock: cpu 10, msr 10:3ff54281, secondary cpu clock
Jun 16 13:43:20.854317 u415 kernel: x86/cpu: Activated the Intel User Mode Instruction Prevention (UMIP) CPU feature
Jun 16 13:43:20.854325 u415 kernel: KVM setup async PF for cpu 10
Jun 16 13:43:20.854333 u415 kernel: kvm-stealtime: cpu 10, msr fff2a3040
Jun 16 13:43:20.854342 u415 kernel:  #11
Jun 16 13:43:20.854351 u415 kernel: kvm-clock: cpu 11, msr 10:3ff542c1, secondary cpu clock
Jun 16 13:43:20.854359 u415 kernel: x86/cpu: Activated the Intel User Mode Instruction Prevention (UMIP) CPU feature
Jun 16 13:43:20.854368 u415 kernel: KVM setup async PF for cpu 11
Jun 16 13:43:20.854377 u415 kernel: kvm-stealtime: cpu 11, msr fff2e3040
Jun 16 13:43:20.854388 u415 kernel:  #12
Jun 16 13:43:20.854396 u415 kernel: kvm-clock: cpu 12, msr 10:3ff54301, secondary cpu clock
Jun 16 13:43:20.854405 u415 kernel: x86/cpu: Activated the Intel User Mode Instruction Prevention (UMIP) CPU feature
Jun 16 13:43:20.854414 u415 kernel: KVM setup async PF for cpu 12
Jun 16 13:43:20.854422 u415 kernel: kvm-stealtime: cpu 12, msr fff323040
Jun 16 13:43:20.854430 u415 kernel:  #13
Jun 16 13:43:20.854439 u415 kernel: kvm-clock: cpu 13, msr 10:3ff54341, secondary cpu clock
Jun 16 13:43:20.854448 u415 kernel: x86/cpu: Activated the Intel User Mode Instruction Prevention (UMIP) CPU feature
Jun 16 13:43:20.854456 u415 kernel: KVM setup async PF for cpu 13
Jun 16 13:43:20.854464 u415 kernel: kvm-stealtime: cpu 13, msr fff363040
Jun 16 13:43:20.854473 u415 kernel:  #14
Jun 16 13:43:20.854485 u415 kernel: kvm-clock: cpu 14, msr 10:3ff54381, secondary cpu clock
Jun 16 13:43:20.854493 u415 kernel: x86/cpu: Activated the Intel User Mode Instruction Prevention (UMIP) CPU feature
Jun 16 13:43:20.854502 u415 kernel: KVM setup async PF for cpu 14
Jun 16 13:43:20.854511 u415 kernel: kvm-stealtime: cpu 14, msr fff3a3040
Jun 16 13:43:20.854519 u415 kernel:  #15
Jun 16 13:43:20.854527 u415 kernel: kvm-clock: cpu 15, msr 10:3ff543c1, secondary cpu clock
Jun 16 13:43:20.854536 u415 kernel: x86/cpu: Activated the Intel User Mode Instruction Prevention (UMIP) CPU feature
Jun 16 13:43:20.854545 u415 kernel: KVM setup async PF for cpu 15
Jun 16 13:43:20.854558 u415 kernel: kvm-stealtime: cpu 15, msr fff3e3040
Jun 16 13:43:20.854569 u415 kernel:  #16
Jun 16 13:43:20.854579 u415 kernel: kvm-clock: cpu 16, msr 10:3ff54401, secondary cpu clock
Jun 16 13:43:20.854588 u415 kernel: x86/cpu: Activated the Intel User Mode Instruction Prevention (UMIP) CPU feature
Jun 16 13:43:20.854596 u415 kernel: KVM setup async PF for cpu 16
Jun 16 13:43:20.854604 u415 kernel: kvm-stealtime: cpu 16, msr fff423040
Jun 16 13:43:20.854613 u415 kernel:  #17
Jun 16 13:43:20.854622 u415 kernel: kvm-clock: cpu 17, msr 10:3ff54441, secondary cpu clock
Jun 16 13:43:20.854631 u415 kernel: x86/cpu: Activated the Intel User Mode Instruction Prevention (UMIP) CPU feature
Jun 16 13:43:20.854639 u415 kernel: KVM setup async PF for cpu 17
Jun 16 13:43:20.854648 u415 kernel: kvm-stealtime: cpu 17, msr fff463040
Jun 16 13:43:20.854657 u415 kernel: smp: Brought up 1 node, 18 CPUs
Jun 16 13:43:20.854665 u415 kernel: smpboot: Max logical packages: 18
Jun 16 13:43:20.854677 u415 kernel: smpboot: Total of 18 processors activated (86399.64 BogoMIPS)
Jun 16 13:43:20.854687 u415 kernel: devtmpfs: initialized
Jun 16 13:43:20.854696 u415 kernel: x86/mm: Memory block size: 2048MB
Jun 16 13:43:20.854704 u415 kernel: evm: security.selinux
Jun 16 13:43:20.854713 u415 kernel: evm: security.SMACK64
Jun 16 13:43:20.854722 u415 kernel: evm: security.SMACK64EXEC
Jun 16 13:43:20.854731 u415 kernel: evm: security.SMACK64TRANSMUTE
Jun 16 13:43:20.854739 u415 kernel: evm: security.SMACK64MMAP
Jun 16 13:43:20.854747 u415 kernel: evm: security.apparmor
Jun 16 13:43:20.854756 u415 kernel: evm: security.ima
Jun 16 13:43:20.854764 u415 kernel: evm: security.capability
Jun 16 13:43:20.854772 u415 kernel: clocksource: jiffies: mask: 0xffffffff max_cycles: 0xffffffff, max_idle_ns: 7645041785100000 ns
Jun 16 13:43:20.854784 u415 kernel: futex hash table entries: 8192 (order: 7, 524288 bytes)
Jun 16 13:43:20.854793 u415 kernel: pinctrl core: initialized pinctrl subsystem
Jun 16 13:43:20.854802 u415 kernel: RTC time: 13:43:16, date: 06/16/21
Jun 16 13:43:20.854810 u415 kernel: NET: Registered protocol family 16
Jun 16 13:43:20.854820 u415 kernel: audit: initializing netlink subsys (disabled)
Jun 16 13:43:20.854829 u415 kernel: audit: type=2000 audit(1623850996.306:1): state=initialized audit_enabled=0 res=1
Jun 16 13:43:20.854838 u415 kernel: cpuidle: using governor ladder
Jun 16 13:43:20.854846 u415 kernel: cpuidle: using governor menu
Jun 16 13:43:20.854854 u415 kernel: ACPI: bus type PCI registered
Jun 16 13:43:20.854870 u415 kernel: acpiphp: ACPI Hot Plug PCI Controller Driver version: 0.5
Jun 16 13:43:20.854884 u415 kernel: PCI: Using configuration type 1 for base access
Jun 16 13:43:20.854894 u415 kernel: HugeTLB registered 1.00 GiB page size, pre-allocated 0 pages
Jun 16 13:43:20.854902 u415 kernel: HugeTLB registered 2.00 MiB page size, pre-allocated 0 pages
Jun 16 13:43:20.854910 u415 kernel: ACPI: Added _OSI(Module Device)
Jun 16 13:43:20.854918 u415 kernel: ACPI: Added _OSI(Processor Device)
Jun 16 13:43:20.854927 u415 kernel: ACPI: Added _OSI(3.0 _SCP Extensions)
Jun 16 13:43:20.854936 u415 kernel: ACPI: Added _OSI(Processor Aggregator Device)
Jun 16 13:43:20.854949 u415 kernel: ACPI: Added _OSI(Linux-Dell-Video)
Jun 16 13:43:20.854957 u415 kernel: ACPI: Added _OSI(Linux-Lenovo-NV-HDMI-Audio)
Jun 16 13:43:20.854966 u415 kernel: ACPI: Added _OSI(Linux-HPI-Hybrid-Graphics)
Jun 16 13:43:20.854974 u415 kernel: ACPI: Interpreter enabled
Jun 16 13:43:20.854985 u415 kernel: ACPI: (supports S0 S3 S4 S5)
Jun 16 13:43:20.854994 u415 kernel: ACPI: Using IOAPIC for interrupt routing
Jun 16 13:43:20.855004 u415 kernel: PCI: Using host bridge windows from ACPI; if necessary, use "pci=nocrs" and report a bug
Jun 16 13:43:20.855014 u415 kernel: ACPI: Enabled 2 GPEs in block 00 to 0F
Jun 16 13:43:20.855022 u415 kernel: ACPI: PCI Root Bridge [PCI0] (domain 0000 [bus 00-ff])
Jun 16 13:43:20.855189 u415 kernel: acpi PNP0A03:00: _OSC: OS supports [ASPM ClockPM Segments MSI]
Jun 16 13:43:20.855319 u415 kernel: acpi PNP0A03:00: _OSC failed (AE_NOT_FOUND); disabling ASPM
Jun 16 13:43:20.855434 u415 kernel: acpi PNP0A03:00: fail to add MMCONFIG information, can't access extended PCI configuration space under this bridge.
Jun 16 13:43:20.855449 u415 kernel: acpiphp: Slot [3] registered
Jun 16 13:43:20.855459 u415 kernel: acpiphp: Slot [4] registered
Jun 16 13:43:20.855468 u415 kernel: acpiphp: Slot [5] registered
Jun 16 13:43:20.855476 u415 kernel: acpiphp: Slot [6] registered
Jun 16 13:43:20.855485 u415 kernel: acpiphp: Slot [7] registered
Jun 16 13:43:20.855494 u415 kernel: acpiphp: Slot [8] registered
Jun 16 13:43:20.855509 u415 kernel: acpiphp: Slot [9] registered
Jun 16 13:43:20.855519 u415 kernel: acpiphp: Slot [10] registered
Jun 16 13:43:20.855529 u415 kernel: acpiphp: Slot [11] registered
Jun 16 13:43:20.855541 u415 kernel: acpiphp: Slot [12] registered
Jun 16 13:43:20.855549 u415 kernel: acpiphp: Slot [13] registered
Jun 16 13:43:20.855559 u415 kernel: acpiphp: Slot [14] registered
Jun 16 13:43:20.855568 u415 kernel: acpiphp: Slot [15] registered
Jun 16 13:43:20.855576 u415 kernel: acpiphp: Slot [16] registered
Jun 16 13:43:20.855584 u415 kernel: acpiphp: Slot [17] registered
Jun 16 13:43:20.855593 u415 kernel: acpiphp: Slot [18] registered
Jun 16 13:43:20.855602 u415 kernel: acpiphp: Slot [19] registered
Jun 16 13:43:20.855610 u415 kernel: acpiphp: Slot [20] registered
Jun 16 13:43:20.855618 u415 kernel: acpiphp: Slot [21] registered
Jun 16 13:43:20.855636 u415 kernel: acpiphp: Slot [22] registered
Jun 16 13:43:20.855647 u415 kernel: acpiphp: Slot [23] registered
Jun 16 13:43:20.855655 u415 kernel: acpiphp: Slot [24] registered
Jun 16 13:43:20.855664 u415 kernel: acpiphp: Slot [25] registered
Jun 16 13:43:20.855672 u415 kernel: acpiphp: Slot [26] registered
Jun 16 13:43:20.855686 u415 kernel: acpiphp: Slot [27] registered
Jun 16 13:43:20.855694 u415 kernel: acpiphp: Slot [28] registered
Jun 16 13:43:20.855703 u415 kernel: acpiphp: Slot [29] registered
Jun 16 13:43:20.855712 u415 kernel: acpiphp: Slot [30] registered
Jun 16 13:43:20.855721 u415 kernel: acpiphp: Slot [31] registered
Jun 16 13:43:20.855737 u415 kernel: PCI host bridge to bus 0000:00
Jun 16 13:43:20.855848 u415 kernel: pci_bus 0000:00: root bus resource [io  0x0000-0x0cf7 window]
Jun 16 13:43:20.855948 u415 kernel: pci_bus 0000:00: root bus resource [io  0x0d00-0xffff window]
Jun 16 13:43:20.856085 u415 kernel: pci_bus 0000:00: root bus resource [mem 0x000a0000-0x000bffff window]
Jun 16 13:43:20.856176 u415 kernel: pci_bus 0000:00: root bus resource [mem 0xc0000000-0xfebfffff window]
Jun 16 13:43:20.856283 u415 kernel: pci_bus 0000:00: root bus resource [mem 0x1040000000-0x10bfffffff window]
Jun 16 13:43:20.856380 u415 kernel: pci_bus 0000:00: root bus resource [bus 00-ff]
Jun 16 13:43:20.856486 u415 kernel: pci 0000:00:00.0: [8086:1237] type 00 class 0x060000
Jun 16 13:43:20.856597 u415 kernel: pci 0000:00:01.0: [8086:7000] type 00 class 0x060100
Jun 16 13:43:20.856718 u415 kernel: pci 0000:00:01.1: [8086:7010] type 00 class 0x010180
Jun 16 13:43:20.856831 u415 kernel: pci 0000:00:01.1: reg 0x20: [io  0xc0c0-0xc0cf]
Jun 16 13:43:20.856932 u415 kernel: pci 0000:00:01.1: legacy IDE quirk: reg 0x10: [io  0x01f0-0x01f7]
Jun 16 13:43:20.857056 u415 kernel: pci 0000:00:01.1: legacy IDE quirk: reg 0x14: [io  0x03f6]
Jun 16 13:43:20.857157 u415 kernel: pci 0000:00:01.1: legacy IDE quirk: reg 0x18: [io  0x0170-0x0177]
Jun 16 13:43:20.857265 u415 kernel: pci 0000:00:01.1: legacy IDE quirk: reg 0x1c: [io  0x0376]
Jun 16 13:43:20.857407 u415 kernel: pci 0000:00:01.3: [8086:7113] type 00 class 0x068000
Jun 16 13:43:20.857498 u415 kernel: pci 0000:00:01.3: quirk: [io  0x0600-0x063f] claimed by PIIX4 ACPI
Jun 16 13:43:20.857600 u415 kernel: pci 0000:00:01.3: quirk: [io  0x0700-0x070f] claimed by PIIX4 SMB
Jun 16 13:43:20.857699 u415 kernel: pci 0000:00:02.0: [1234:1111] type 00 class 0x030000
Jun 16 13:43:20.857793 u415 kernel: pci 0000:00:02.0: reg 0x10: [mem 0xfd000000-0xfdffffff pref]
Jun 16 13:43:20.857885 u415 kernel: pci 0000:00:02.0: reg 0x18: [mem 0xfebc4000-0xfebc4fff]
Jun 16 13:43:20.857979 u415 kernel: pci 0000:00:02.0: reg 0x30: [mem 0xfeba0000-0xfebaffff pref]
Jun 16 13:43:20.858071 u415 kernel: pci 0000:00:02.0: BAR 0: assigned to efifb
Jun 16 13:43:20.858168 u415 kernel: pci 0000:00:03.0: [8086:100e] type 00 class 0x020000
Jun 16 13:43:20.858261 u415 kernel: pci 0000:00:03.0: reg 0x10: [mem 0xfeb80000-0xfeb9ffff]
Jun 16 13:43:20.858354 u415 kernel: pci 0000:00:03.0: reg 0x14: [io  0xc080-0xc0bf]
Jun 16 13:43:20.858446 u415 kernel: pci 0000:00:03.0: reg 0x30: [mem 0xfeb40000-0xfeb7ffff pref]
Jun 16 13:43:20.858538 u415 kernel: pci 0000:00:04.0: [8086:2700] type 00 class 0x010802
Jun 16 13:43:20.858634 u415 kernel: pci 0000:00:04.0: reg 0x10: [mem 0xfebc0000-0xfebc3fff 64bit]
Jun 16 13:43:20.858741 u415 kernel: pci 0000:00:04.0: reg 0x30: [mem 0xfebb0000-0xfebbffff pref]
Jun 16 13:43:20.858848 u415 kernel: pci 0000:00:05.0: [1af4:1001] type 00 class 0x010000
Jun 16 13:43:20.858959 u415 kernel: pci 0000:00:05.0: reg 0x10: [io  0xc000-0xc07f]
Jun 16 13:43:20.859074 u415 kernel: pci 0000:00:05.0: reg 0x14: [mem 0xfebc5000-0xfebc5fff]
Jun 16 13:43:20.859204 u415 kernel: pci 0000:00:05.0: reg 0x20: [mem 0xfe000000-0xfe003fff 64bit pref]
Jun 16 13:43:20.859218 u415 kernel: ACPI: PCI Interrupt Link [LNKA] (IRQs 5 *10 11)
Jun 16 13:43:20.859228 u415 kernel: ACPI: PCI Interrupt Link [LNKB] (IRQs 5 *10 11)
Jun 16 13:43:20.859236 u415 kernel: ACPI: PCI Interrupt Link [LNKC] (IRQs 5 10 *11)
Jun 16 13:43:20.859255 u415 kernel: ACPI: PCI Interrupt Link [LNKD] (IRQs 5 10 *11)
Jun 16 13:43:20.859266 u415 kernel: ACPI: PCI Interrupt Link [LNKS] (IRQs *9)
Jun 16 13:43:20.859275 u415 kernel: SCSI subsystem initialized
Jun 16 13:43:20.859288 u415 kernel: libata version 3.00 loaded.
Jun 16 13:43:20.859404 u415 kernel: pci 0000:00:02.0: vgaarb: setting as boot VGA device
Jun 16 13:43:20.859504 u415 kernel: pci 0000:00:02.0: vgaarb: VGA device added: decodes=io+mem,owns=io+mem,locks=none
Jun 16 13:43:20.859599 u415 kernel: pci 0000:00:02.0: vgaarb: bridge control possible
Jun 16 13:43:20.859611 u415 kernel: vgaarb: loaded
Jun 16 13:43:20.859621 u415 kernel: ACPI: bus type USB registered
Jun 16 13:43:20.859633 u415 kernel: usbcore: registered new interface driver usbfs
Jun 16 13:43:20.859642 u415 kernel: usbcore: registered new interface driver hub
Jun 16 13:43:20.859651 u415 kernel: usbcore: registered new device driver usb
Jun 16 13:43:20.859661 u415 kernel: EDAC MC: Ver: 3.0.0
Jun 16 13:43:20.859669 u415 kernel: PCI: Using ACPI for IRQ routing
Jun 16 13:43:20.859678 u415 kernel: PCI: pci_cache_line_size set to 64 bytes
Jun 16 13:43:20.859688 u415 kernel: e820: reserve RAM buffer [mem 0x0009fc00-0x0009ffff]
Jun 16 13:43:20.859697 u415 kernel: e820: reserve RAM buffer [mem 0xbffd4000-0xbfffffff]
Jun 16 13:43:20.859706 u415 kernel: NetLabel: Initializing
Jun 16 13:43:20.859715 u415 kernel: NetLabel:  domain hash size = 128
Jun 16 13:43:20.859728 u415 kernel: NetLabel:  protocols = UNLABELED CIPSOv4 CALIPSO
Jun 16 13:43:20.859737 u415 kernel: NetLabel:  unlabeled traffic allowed by default
Jun 16 13:43:20.859745 u415 kernel: hpet0: at MMIO 0xfed00000, IRQs 2, 8, 0
Jun 16 13:43:20.859754 u415 kernel: hpet0: 3 comparators, 64-bit 100.000000 MHz counter
Jun 16 13:43:20.859764 u415 kernel: clocksource: Switched to clocksource kvm-clock
Jun 16 13:43:20.859773 u415 kernel: VFS: Disk quotas dquot_6.6.0
Jun 16 13:43:20.859782 u415 kernel: VFS: Dquot-cache hash table entries: 512 (order 0, 4096 bytes)
Jun 16 13:43:20.859792 u415 kernel: AppArmor: AppArmor Filesystem Enabled
Jun 16 13:43:20.859801 u415 kernel: pnp: PnP ACPI init
Jun 16 13:43:20.859912 u415 kernel: pnp 00:00: Plug and Play ACPI device, IDs PNP0303 (active)
Jun 16 13:43:20.860008 u415 kernel: pnp 00:01: Plug and Play ACPI device, IDs PNP0f13 (active)
Jun 16 13:43:20.860100 u415 kernel: pnp 00:02: [dma 2]
Jun 16 13:43:20.860188 u415 kernel: pnp 00:02: Plug and Play ACPI device, IDs PNP0700 (active)
Jun 16 13:43:20.860275 u415 kernel: pnp 00:03: Plug and Play ACPI device, IDs PNP0400 (active)
Jun 16 13:43:20.860384 u415 kernel: pnp 00:04: Plug and Play ACPI device, IDs PNP0501 (active)
Jun 16 13:43:20.860493 u415 kernel: pnp 00:05: Plug and Play ACPI device, IDs PNP0b00 (active)
Jun 16 13:43:20.860504 u415 kernel: pnp: PnP ACPI: found 6 devices
Jun 16 13:43:20.860514 u415 kernel: clocksource: acpi_pm: mask: 0xffffff max_cycles: 0xffffff, max_idle_ns: 2085701024 ns
Jun 16 13:43:20.860612 u415 kernel: pci_bus 0000:00: resource 4 [io  0x0000-0x0cf7 window]
Jun 16 13:43:20.860702 u415 kernel: pci_bus 0000:00: resource 5 [io  0x0d00-0xffff window]
Jun 16 13:43:20.860798 u415 kernel: pci_bus 0000:00: resource 6 [mem 0x000a0000-0x000bffff window]
Jun 16 13:43:20.860892 u415 kernel: pci_bus 0000:00: resource 7 [mem 0xc0000000-0xfebfffff window]
Jun 16 13:43:20.860983 u415 kernel: pci_bus 0000:00: resource 8 [mem 0x1040000000-0x10bfffffff window]
Jun 16 13:43:20.860998 u415 kernel: NET: Registered protocol family 2
Jun 16 13:43:20.861008 u415 kernel: TCP established hash table entries: 524288 (order: 10, 4194304 bytes)
Jun 16 13:43:20.861017 u415 kernel: TCP bind hash table entries: 65536 (order: 8, 1048576 bytes)
Jun 16 13:43:20.861026 u415 kernel: TCP: Hash tables configured (established 524288 bind 65536)
Jun 16 13:43:20.861035 u415 kernel: UDP hash table entries: 32768 (order: 8, 1048576 bytes)
Jun 16 13:43:20.861044 u415 kernel: UDP-Lite hash table entries: 32768 (order: 8, 1048576 bytes)
Jun 16 13:43:20.861053 u415 kernel: NET: Registered protocol family 1
Jun 16 13:43:20.861148 u415 kernel: pci 0000:00:00.0: Limiting direct PCI/PCI transfers
Jun 16 13:43:20.861244 u415 kernel: pci 0000:00:01.0: PIIX3: Enabling Passive Release
Jun 16 13:43:20.861340 u415 kernel: pci 0000:00:01.0: Activating ISA DMA hang workarounds
Jun 16 13:43:20.861429 u415 kernel: pci 0000:00:02.0: Video device with shadowed ROM at [mem 0x000c0000-0x000dffff]
Jun 16 13:43:20.861448 u415 kernel: PCI: CLS 32 bytes, default 64
Jun 16 13:43:20.861456 u415 kernel: Unpacking initramfs...
Jun 16 13:43:20.861465 u415 kernel: Freeing initrd memory: 59040K
Jun 16 13:43:20.861474 u415 kernel: PCI-DMA: Using software bounce buffering for IO (SWIOTLB)
Jun 16 13:43:20.861484 u415 kernel: software IO TLB: mapped [mem 0xbbfd4000-0xbffd4000] (64MB)
Jun 16 13:43:20.861493 u415 kernel: clocksource: tsc: mask: 0xffffffffffffffff max_cycles: 0x22982e1e4da, max_idle_ns: 440795324676 ns
Jun 16 13:43:20.861502 u415 kernel: Scanning for low memory corruption every 60 seconds
Jun 16 13:43:20.861515 u415 kernel: Initialise system trusted keyrings
Jun 16 13:43:20.861525 u415 kernel: Key type blacklist registered
Jun 16 13:43:20.861534 u415 kernel: workingset: timestamp_bits=36 max_order=24 bucket_order=0
Jun 16 13:43:20.861543 u415 kernel: zbud: loaded
Jun 16 13:43:20.861553 u415 kernel: squashfs: version 4.0 (2009/01/31) Phillip Lougher
Jun 16 13:43:20.861562 u415 kernel: fuse init (API version 7.26)
Jun 16 13:43:20.861570 u415 kernel: Key type asymmetric registered
Jun 16 13:43:20.861579 u415 kernel: Asymmetric key parser 'x509' registered
Jun 16 13:43:20.861588 u415 kernel: Block layer SCSI generic (bsg) driver version 0.4 loaded (major 246)
Jun 16 13:43:20.861600 u415 kernel: io scheduler noop registered
Jun 16 13:43:20.861610 u415 kernel: io scheduler deadline registered
Jun 16 13:43:20.861624 u415 kernel: io scheduler cfq registered (default)
Jun 16 13:43:20.861632 u415 kernel: efifb: probing for efifb
Jun 16 13:43:20.861641 u415 kernel: efifb: framebuffer at 0xfd000000, using 1408k, total 1408k
Jun 16 13:43:20.861650 u415 kernel: efifb: mode is 800x600x24, linelength=2400, pages=1
Jun 16 13:43:20.861663 u415 kernel: efifb: scrolling: redraw
Jun 16 13:43:20.861672 u415 kernel: efifb: Truecolor: size=0:8:8:8, shift=0:16:8:0
Jun 16 13:43:20.861681 u415 kernel: Console: switching to colour frame buffer device 100x37
Jun 16 13:43:20.861690 u415 kernel: fb0: EFI VGA frame buffer device
Jun 16 13:43:20.861699 u415 kernel: intel_idle: Please enable MWAIT in BIOS SETUP
Jun 16 13:43:20.861708 u415 kernel: input: Power Button as /devices/LNXSYSTM:00/LNXPWRBN:00/input/input0
Jun 16 13:43:20.861718 u415 kernel: ACPI: Power Button [PWRF]
Jun 16 13:43:20.861728 u415 kernel: ACPI: PCI Interrupt Link [LNKA] enabled at IRQ 10
Jun 16 13:43:20.861737 u415 kernel: Serial: 8250/16550 driver, 32 ports, IRQ sharing enabled
Jun 16 13:43:20.861746 u415 kernel: 00:04: ttyS0 at I/O 0x3f8 (irq = 4, base_baud = 115200) is a 16550A
Jun 16 13:43:20.861759 u415 kernel: Linux agpgart interface v0.103
Jun 16 13:43:20.861769 u415 kernel: loop: module loaded
Jun 16 13:43:20.861857 u415 kernel: ata_piix 0000:00:01.1: version 2.13
Jun 16 13:43:20.861970 u415 kernel: scsi host0: ata_piix
Jun 16 13:43:20.862071 u415 kernel: scsi host1: ata_piix
Jun 16 13:43:20.862083 u415 kernel: ata1: PATA max MWDMA2 cmd 0x1f0 ctl 0x3f6 bmdma 0xc0c0 irq 14
Jun 16 13:43:20.862096 u415 kernel: ata2: PATA max MWDMA2 cmd 0x170 ctl 0x376 bmdma 0xc0c8 irq 15
Jun 16 13:43:20.862105 u415 kernel: libphy: Fixed MDIO Bus: probed
Jun 16 13:43:20.862117 u415 kernel: tun: Universal TUN/TAP device driver, 1.6
Jun 16 13:43:20.862126 u415 kernel: PPP generic driver version 2.4.2
Jun 16 13:43:20.862138 u415 kernel: ehci_hcd: USB 2.0 'Enhanced' Host Controller (EHCI) Driver
Jun 16 13:43:20.862148 u415 kernel: ehci-pci: EHCI PCI platform driver
Jun 16 13:43:20.862157 u415 kernel: ehci-platform: EHCI generic platform driver
Jun 16 13:43:20.862165 u415 kernel: ohci_hcd: USB 1.1 'Open' Host Controller (OHCI) Driver
Jun 16 13:43:20.862175 u415 kernel: ohci-pci: OHCI PCI platform driver
Jun 16 13:43:20.862184 u415 kernel: ohci-platform: OHCI generic platform driver
Jun 16 13:43:20.862194 u415 kernel: uhci_hcd: USB Universal Host Controller Interface driver
Jun 16 13:43:20.862205 u415 kernel: i8042: PNP: PS/2 Controller [PNP0303:KBD,PNP0f13:MOU] at 0x60,0x64 irq 1,12
Jun 16 13:43:20.862215 u415 kernel: serio: i8042 KBD port at 0x60,0x64 irq 1
Jun 16 13:43:20.862225 u415 kernel: serio: i8042 AUX port at 0x60,0x64 irq 12
Jun 16 13:43:20.862233 u415 kernel: mousedev: PS/2 mouse device common for all mice
Jun 16 13:43:20.862321 u415 kernel: rtc_cmos 00:05: RTC can wake from S4
Jun 16 13:43:20.862399 u415 kernel: rtc_cmos 00:05: rtc core: registered rtc_cmos as rtc0
Jun 16 13:43:20.862488 u415 kernel: rtc_cmos 00:05: alarms up to one day, y3k, 242 bytes nvram, hpet irqs
Jun 16 13:43:20.862500 u415 kernel: input: AT Translated Set 2 keyboard as /devices/platform/i8042/serio0/input/input1
Jun 16 13:43:20.862510 u415 kernel: i2c /dev entries driver
Jun 16 13:43:20.862521 u415 kernel: device-mapper: uevent: version 1.0.3
Jun 16 13:43:20.862531 u415 kernel: device-mapper: ioctl: 4.37.0-ioctl (2017-09-20) initialised: dm-devel@redhat.com
Jun 16 13:43:20.862541 u415 kernel: ledtrig-cpu: registered to indicate activity on CPUs
Jun 16 13:43:20.862550 u415 kernel: NET: Registered protocol family 10
Jun 16 13:43:20.862558 u415 kernel: Segment Routing with IPv6
Jun 16 13:43:20.862567 u415 kernel: NET: Registered protocol family 17
Jun 16 13:43:20.862576 u415 kernel: Key type dns_resolver registered
Jun 16 13:43:20.862585 u415 kernel: mce: Using 10 MCE banks
Jun 16 13:43:20.862594 u415 kernel: RAS: Correctable Errors collector initialized.
Jun 16 13:43:20.862603 u415 kernel: sched_clock: Marking stable (1068878769, 0)->(2051240477, -982361708)
Jun 16 13:43:20.862615 u415 kernel: registered taskstats version 1
Jun 16 13:43:20.862624 u415 kernel: Loading compiled-in X.509 certificates
Jun 16 13:43:20.862633 u415 kernel: Loaded X.509 cert 'Build time autogenerated kernel key: 1e5516648b223d94d04ce7d99e6048c9b3ebcb77'
Jun 16 13:43:20.862642 u415 kernel: Loaded X.509 cert 'Canonical Ltd. Live Patch Signing: 14df34d1a87cf37625abec039ef2bf521249b969'
Jun 16 13:43:20.862657 u415 kernel: Loaded X.509 cert 'Canonical Ltd. Kernel Module Signing: 88f752e560a1e0737e31163a466ad7b70a850c19'
Jun 16 13:43:20.862666 u415 kernel: zswap: loaded using pool lzo/zbud
Jun 16 13:43:20.862675 u415 kernel: Key type big_key registered
Jun 16 13:43:20.862685 u415 kernel: Key type trusted registered
Jun 16 13:43:20.862698 u415 kernel: Key type encrypted registered
Jun 16 13:43:20.862707 u415 kernel: AppArmor: AppArmor sha1 policy hashing enabled
Jun 16 13:43:20.862717 u415 kernel: ima: No TPM chip found, activating TPM-bypass! (rc=-19)
Jun 16 13:43:20.862726 u415 kernel: ima: Allocated hash algorithm: sha1
Jun 16 13:43:20.862736 u415 kernel: evm: HMAC attrs: 0x1
Jun 16 13:43:20.862744 u415 kernel:   Magic number: 9:265:736
Jun 16 13:43:20.862826 u415 kernel: rtc_cmos 00:05: setting system clock to 2021-06-16 13:43:17 UTC (1623850997)
Jun 16 13:43:20.862836 u415 kernel: BIOS EDD facility v0.16 2004-Jun-25, 0 devices found
Jun 16 13:43:20.862846 u415 kernel: EDD information not available.
Jun 16 13:43:20.862855 u415 kernel: ata2.01: NODEV after polling detection
Jun 16 13:43:20.862867 u415 kernel: ata2.00: ATAPI: QEMU DVD-ROM, 2.5+, max UDMA/100
Jun 16 13:43:20.862876 u415 kernel: ata2.00: configured for MWDMA2
Jun 16 13:43:20.863001 u415 kernel: scsi 1:0:0:0: CD-ROM            QEMU     QEMU DVD-ROM     2.5+ PQ: 0 ANSI: 5
Jun 16 13:43:20.863130 u415 kernel: sr 1:0:0:0: [sr0] scsi3-mmc drive: 4x/4x cd/rw xa/form2 tray
Jun 16 13:43:20.863142 u415 kernel: cdrom: Uniform CD-ROM driver Revision: 3.20
Jun 16 13:43:20.863264 u415 kernel: sr 1:0:0:0: Attached scsi CD-ROM sr0
Jun 16 13:43:20.863378 u415 kernel: sr 1:0:0:0: Attached scsi generic sg0 type 5
Jun 16 13:43:20.863389 u415 kernel: Freeing unused kernel image memory: 2448K
Jun 16 13:43:20.863403 u415 kernel: Write protecting the kernel read-only data: 20480k
Jun 16 13:43:20.863412 u415 kernel: Freeing unused kernel image memory: 2008K
Jun 16 13:43:20.863420 u415 kernel: Freeing unused kernel image memory: 1828K
Jun 16 13:43:20.863429 u415 kernel: x86/mm: Checked W+X mappings: passed, no W+X pages found.
Jun 16 13:43:20.863557 u415 kernel: piix4_smbus 0000:00:01.3: SMBus Host Controller at 0x700, revision 0
Jun 16 13:43:20.863573 u415 kernel: Floppy drive(s): fd0 is 2.88M AMI BIOS
Jun 16 13:43:20.863582 u415 kernel: e1000: Intel(R) PRO/1000 Network Driver - version 7.3.21-k8-NAPI
Jun 16 13:43:20.863591 u415 kernel: e1000: Copyright (c) 1999-2006 Intel Corporation.
Jun 16 13:43:20.863607 u415 kernel: input: VirtualPS/2 VMware VMMouse as /devices/platform/i8042/serio1/input/input4
Jun 16 13:43:20.863621 u415 kernel: input: VirtualPS/2 VMware VMMouse as /devices/platform/i8042/serio1/input/input3
Jun 16 13:43:20.863631 u415 kernel: AVX2 version of gcm_enc/dec engaged.
Jun 16 13:43:20.863644 u415 kernel: FDC 0 is a S82078B
Jun 16 13:43:20.863656 u415 kernel: AES CTR mode by8 optimization enabled
Jun 16 13:43:20.863668 u415 kernel:  vda: vda1 vda2
Jun 16 13:43:20.863678 u415 kernel: ACPI: PCI Interrupt Link [LNKC] enabled at IRQ 11
Jun 16 13:43:20.863688 u415 kernel: print_req_error: I/O error, dev fd0, sector 0
Jun 16 13:43:20.863698 u415 kernel: floppy: error 10 while reading block 0
Jun 16 13:43:20.863819 u415 kernel: e1000 0000:00:03.0 eth0: (PCI:33MHz:32-bit) 52:54:00:12:34:56
Jun 16 13:43:20.863961 u415 kernel: e1000 0000:00:03.0 eth0: Intel(R) PRO/1000 Network Connection
Jun 16 13:43:20.864115 u415 kernel: nvme nvme0: pci function 0000:00:04.0
Jun 16 13:43:20.864242 u415 kernel: e1000 0000:00:03.0 ens3: renamed from eth0
Jun 16 13:43:20.864255 u415 kernel: checking generic (fd000000 160000) vs hw (fd000000 1000000)
Jun 16 13:43:20.864265 u415 kernel: fb: switching to bochsdrmfb from EFI VGA
Jun 16 13:43:20.864274 u415 kernel: Console: switching to colour dummy device 80x25
Jun 16 13:43:20.864284 u415 kernel: [drm] Found bochs VGA, ID 0xb0c0.
Jun 16 13:43:20.864294 u415 kernel: [drm] Framebuffer size 16384 kB @ 0xfd000000, mmio @ 0xfebc4000.
Jun 16 13:43:20.864306 u415 kernel: [TTM] Zone  kernel: Available graphics memory: 32983840 kiB
Jun 16 13:43:20.864316 u415 kernel: [TTM] Zone   dma32: Available graphics memory: 2097152 kiB
Jun 16 13:43:20.864326 u415 kernel: [TTM] Initializing pool allocator
Jun 16 13:43:20.864336 u415 kernel: [TTM] Initializing DMA pool allocator
Jun 16 13:43:20.864344 u415 kernel: fbcon: bochsdrmfb (fb0) is primary device
Jun 16 13:43:20.864354 u415 kernel: Console: switching to colour frame buffer device 128x48
Jun 16 13:43:20.864457 u415 kernel: bochs-drm 0000:00:02.0: fb0: bochsdrmfb frame buffer device
Jun 16 13:43:20.864470 u415 kernel: ACPI: PCI Interrupt Link [LNKD] enabled at IRQ 11
Jun 16 13:43:20.864484 u415 kernel: [drm] Initialized bochs-drm 1.0.0 20130925 for 0000:00:02.0 on minor 0
Jun 16 13:43:20.864493 u415 kernel: raid6: sse2x1   gen()  8499 MB/s
Jun 16 13:43:20.864502 u415 kernel: raid6: sse2x1   xor()  6166 MB/s
Jun 16 13:43:20.864513 u415 kernel: raid6: sse2x2   gen() 10639 MB/s
Jun 16 13:43:20.864522 u415 kernel: raid6: sse2x2   xor()  7112 MB/s
Jun 16 13:43:20.864531 u415 kernel: raid6: sse2x4   gen() 12035 MB/s
Jun 16 13:43:20.864546 u415 kernel: raid6: sse2x4   xor()  8403 MB/s
Jun 16 13:43:20.864556 u415 kernel: raid6: avx2x1   gen() 17906 MB/s
Jun 16 13:43:20.864566 u415 kernel: raid6: avx2x1   xor() 15140 MB/s
Jun 16 13:43:20.864575 u415 kernel: raid6: avx2x2   gen() 25007 MB/s
Jun 16 13:43:20.864588 u415 kernel: raid6: avx2x2   xor() 16652 MB/s
Jun 16 13:43:20.864598 u415 kernel: raid6: avx2x4   gen() 28377 MB/s
Jun 16 13:43:20.864606 u415 kernel: raid6: avx2x4   xor() 16934 MB/s
Jun 16 13:43:20.864616 u415 kernel: raid6: avx512x1 gen() 27026 MB/s
Jun 16 13:43:20.864625 u415 kernel: raid6: avx512x1 xor() 15189 MB/s
Jun 16 13:43:20.864635 u415 kernel: raid6: avx512x2 gen() 30646 MB/s
Jun 16 13:43:20.864643 u415 kernel: raid6: avx512x2 xor() 18956 MB/s
Jun 16 13:43:20.864653 u415 kernel: raid6: avx512x4 gen() 31730 MB/s
Jun 16 13:43:20.864663 u415 kernel: raid6: avx512x4 xor() 19334 MB/s
Jun 16 13:43:20.864676 u415 kernel: raid6: using algorithm avx512x4 gen() 31730 MB/s
Jun 16 13:43:20.864685 u415 kernel: raid6: .... xor() 19334 MB/s, rmw enabled
Jun 16 13:43:20.864695 u415 kernel: raid6: using avx512x2 recovery algorithm
Jun 16 13:43:20.864704 u415 kernel: xor: automatically using best checksumming function   avx       
Jun 16 13:43:20.864714 u415 kernel: async_tx: api initialized (async)
Jun 16 13:43:20.864723 u415 kernel: Btrfs loaded, crc32c=crc32c-intel
Jun 16 13:43:20.864732 u415 kernel: print_req_error: I/O error, dev fd0, sector 0
Jun 16 13:43:20.864742 u415 kernel: floppy: error 10 while reading block 0
Jun 16 13:43:20.864752 u415 kernel: EXT4-fs (vda2): mounted filesystem with ordered data mode. Opts: (null)
Jun 16 13:43:20.864760 u415 kernel: random: fast init done
Jun 16 13:43:20.864774 u415 kernel: ip_tables: (C) 2000-2006 Netfilter Core Team
Jun 16 13:43:20.864792 u415 kernel: random: systemd: uninitialized urandom read (16 bytes read)
Jun 16 13:43:20.864804 u415 systemd[1]: systemd 237 running in system mode. (+PAM +AUDIT +SELINUX +IMA +APPARMOR +SMACK +SYSVINIT +UTMP +LIBCRYPTSETUP +GCRYPT +GNUTLS +ACL +XZ +LZ4 +SECCOMP +BLKID +ELFUTILS +KMOD -IDN2 +IDN -PCRE2 default-hierarchy=hybrid)
Jun 16 13:43:20.864816 u415 systemd[1]: Detected virtualization kvm.
Jun 16 13:43:20.864827 u415 systemd[1]: Detected architecture x86-64.
Jun 16 13:43:20.864837 u415 kernel: random: systemd: uninitialized urandom read (16 bytes read)
Jun 16 13:43:20.864846 u415 kernel: random: systemd: uninitialized urandom read (16 bytes read)
Jun 16 13:43:20.864856 u415 systemd[1]: Set hostname to <u415>.
Jun 16 13:43:20.864870 u415 kernel: print_req_error: I/O error, dev fd0, sector 0
Jun 16 13:43:20.864879 u415 kernel: floppy: error 10 while reading block 0
Jun 16 13:43:20.864889 u415 systemd[1]: Created slice User and Session Slice.
Jun 16 13:43:20.864898 u415 systemd[1]: Reached target User and Group Name Lookups.
Jun 16 13:43:20.864909 u415 systemd[1]: Set up automount Arbitrary Executable File Formats File System Automount Point.
Jun 16 13:43:20.864918 u415 systemd[1]: Created slice System Slice.
Jun 16 13:43:20.864928 u415 systemd[1]: Listening on /dev/initctl Compatibility Named Pipe.
Jun 16 13:43:20.864938 u415 systemd[1]: Listening on Syslog Socket.
Jun 16 13:43:20.864962 u415 kernel: Loading iSCSI transport class v2.0-870.
Jun 16 13:43:20.864972 u415 kernel: EXT4-fs (vda2): re-mounted. Opts: (null)
Jun 16 13:43:20.864985 u415 kernel: iscsi: registered transport (tcp)
Jun 16 13:43:20.868984 u415 kernel: iscsi: registered transport (iser)
Jun 16 13:43:21.045009 u415 kernel: Adding 8388604k swap on /swap.img.  Priority:-2 extents:7 across:8962044k FS
Jun 16 13:43:21.052994 u415 kernel: audit: type=1400 audit(1623851001.048:2): apparmor="STATUS" operation="profile_load" profile="unconfined" name="/usr/bin/man" pid=697 comm="apparmor_parser"
Jun 16 13:43:21.053154 u415 kernel: audit: type=1400 audit(1623851001.048:3): apparmor="STATUS" operation="profile_load" profile="unconfined" name="man_filter" pid=697 comm="apparmor_parser"
Jun 16 13:43:21.053178 u415 kernel: audit: type=1400 audit(1623851001.048:4): apparmor="STATUS" operation="profile_load" profile="unconfined" name="man_groff" pid=697 comm="apparmor_parser"
Jun 16 13:43:21.053197 u415 kernel: audit: type=1400 audit(1623851001.048:5): apparmor="STATUS" operation="profile_load" profile="unconfined" name="/usr/bin/lxc-start" pid=696 comm="apparmor_parser"
Jun 16 13:43:21.056966 u415 kernel: audit: type=1400 audit(1623851001.052:6): apparmor="STATUS" operation="profile_load" profile="unconfined" name="/usr/sbin/tcpdump" pid=700 comm="apparmor_parser"
Jun 16 13:43:21.060976 u415 kernel: audit: type=1400 audit(1623851001.056:7): apparmor="STATUS" operation="profile_load" profile="unconfined" name="/sbin/dhclient" pid=695 comm="apparmor_parser"
Jun 16 13:43:21.061017 u415 kernel: audit: type=1400 audit(1623851001.056:8): apparmor="STATUS" operation="profile_load" profile="unconfined" name="/usr/lib/NetworkManager/nm-dhcp-client.action" pid=695 comm="apparmor_parser"
Jun 16 13:43:21.062090 u415 kernel: audit: type=1400 audit(1623851001.056:9): apparmor="STATUS" operation="profile_load" profile="unconfined" name="/usr/lib/NetworkManager/nm-dhcp-helper" pid=695 comm="apparmor_parser"
Jun 16 13:43:21.062114 u415 kernel: audit: type=1400 audit(1623851001.056:10): apparmor="STATUS" operation="profile_load" profile="unconfined" name="/usr/lib/connman/scripts/dhclient-script" pid=695 comm="apparmor_parser"
Jun 16 13:43:21.097050 u415 kernel: print_req_error: I/O error, dev fd0, sector 0
Jun 16 13:43:21.097138 u415 kernel: floppy: error 10 while reading block 0
Jun 16 13:43:21.116991 u415 kernel: parport_pc 00:03: reported by Plug and Play ACPI
Jun 16 13:43:21.118697 u415 kernel: parport0: PC-style at 0x378, irq 7 [PCSPP,TRISTATE]
Jun 16 13:43:21.255557 u415 kernel: ppdev: user-space parallel port driver
Jun 16 13:43:22.225002 u415 kernel: IPv6: ADDRCONF(NETDEV_UP): ens3: link is not ready
Jun 16 13:43:22.232989 u415 kernel: e1000: ens3 NIC Link is Up 1000 Mbps Full Duplex, Flow Control: RX
Jun 16 13:43:22.233064 u415 kernel: IPv6: ADDRCONF(NETDEV_CHANGE): ens3: link becomes ready
Jun 16 13:43:24.581870 u415 kernel: random: crng init done
Jun 16 13:43:24.581985 u415 kernel: random: 7 urandom warning(s) missed due to ratelimiting
Jun 16 13:43:24.665047 u415 kernel: new mount options do not match the existing superblock, will be ignored
Jun 16 13:44:46.641006 u415 kernel: bentofs: loading out-of-tree module taints kernel.
Jun 16 13:44:46.641160 u415 kernel: bentofs: module verification failed: signature and/or required key missing - tainting kernel
Jun 16 13:44:46.645075 u415 kernel: bento init (API version 1.0)
Jun 16 13:44:52.480990 u415 kernel: xv6fs: module license 'unspecified' taints kernel.
Jun 16 13:44:52.481132 u415 kernel: Disabling lock debugging due to kernel taint
Jun 16 13:45:50.053286 u415 kernel: Hello from Rust
Jun 16 13:45:50.053432 u415 kernel: initializing journal
Jun 16 13:45:50.053481 u415 kernel: sb: size 3500000, nblocks 3223684, ninodes 900000, nlog 262144, logstart 2 inodestart 262146, bmap start 276209
Jun 16 13:51:30.437088 u415 kernel: got a different opcode
Jun 16 13:51:30.437478 u415 kernel: got a different opcode
Jun 16 13:51:30.437536 u415 kernel: got a different opcode
Jun 16 13:51:30.437583 u415 kernel: got a different opcode
Jun 16 13:51:30.437629 u415 kernel: got a different opcode
Jun 16 13:51:30.437689 u415 kernel: got a different opcode
Jun 16 13:51:30.437728 u415 kernel: got a different opcode
Jun 16 13:51:30.437774 u415 kernel: got a different opcode
Jun 16 13:51:30.437822 u415 kernel: got a different opcode
Jun 16 13:51:30.437869 u415 kernel: got a different opcode
Jun 16 13:51:30.437914 u415 kernel: got a different opcode
Jun 16 13:51:30.437958 u415 kernel: got a different opcode
Jun 16 13:51:30.438004 u415 kernel: got a different opcode
Jun 16 13:51:30.438050 u415 kernel: got a different opcode
Jun 16 13:51:30.438109 u415 kernel: got a different opcode
Jun 16 13:51:30.441056 u415 kernel: got a different opcode
Jun 16 13:51:30.441196 u415 kernel: got a different opcode
Jun 16 13:51:30.441253 u415 kernel: got a different opcode
Jun 16 13:51:30.441301 u415 kernel: got a different opcode
Jun 16 13:51:30.441365 u415 kernel: got a different opcode
Jun 16 13:51:30.441413 u415 kernel: got a different opcode
Jun 16 13:51:30.445087 u415 kernel: got a different opcode
Jun 16 13:51:30.445223 u415 kernel: got a different opcode
Jun 16 13:51:30.445294 u415 kernel: got a different opcode
Jun 16 13:51:30.445332 u415 kernel: got a different opcode
Jun 16 13:51:30.445369 u415 kernel: got a different opcode
Jun 16 13:51:30.445415 u415 kernel: got a different opcode
Jun 16 13:51:30.445477 u415 kernel: got a different opcode
Jun 16 13:51:30.449065 u415 kernel: got a different opcode
Jun 16 13:51:30.449203 u415 kernel: got a different opcode
Jun 16 13:51:30.449249 u415 kernel: got a different opcode
Jun 16 13:51:30.449295 u415 kernel: got a different opcode
Jun 16 13:51:30.449353 u415 kernel: got a different opcode
Jun 16 13:51:30.449392 u415 kernel: got a different opcode
Jun 16 13:51:30.449445 u415 kernel: got a different opcode
Jun 16 13:51:30.449494 u415 kernel: got a different opcode
Jun 16 13:51:30.449541 u415 kernel: got a different opcode
Jun 16 13:51:30.449587 u415 kernel: got a different opcode
Jun 16 13:51:30.453056 u415 kernel: got a different opcode
Jun 16 13:51:30.453192 u415 kernel: got a different opcode
Jun 16 13:51:30.453229 u415 kernel: got a different opcode
Jun 16 13:51:30.453280 u415 kernel: got a different opcode
Jun 16 13:51:30.453327 u415 kernel: got a different opcode
Jun 16 13:51:30.453372 u415 kernel: got a different opcode
Jun 16 13:51:30.453417 u415 kernel: got a different opcode
Jun 16 13:51:30.453466 u415 kernel: got a different opcode
Jun 16 13:51:30.461068 u415 kernel: got a different opcode
Jun 16 13:51:30.465070 u415 kernel: got a different opcode
Jun 16 13:51:30.501077 u415 kernel: got a different opcode
Jun 16 13:51:30.517064 u415 kernel: got a different opcode
Jun 16 13:51:30.537063 u415 kernel: got a different opcode
Jun 16 13:51:30.537183 u415 kernel: got a different opcode
Jun 16 13:51:30.537244 u415 kernel: got a different opcode
Jun 16 13:51:30.537281 u415 kernel: got a different opcode
Jun 16 13:51:30.537327 u415 kernel: got a different opcode
Jun 16 13:51:30.537366 u415 kernel: got a different opcode
Jun 16 13:51:30.537414 u415 kernel: got a different opcode
Jun 16 13:51:30.537461 u415 kernel: got a different opcode
Jun 16 13:51:30.537516 u415 kernel: got a different opcode
Jun 16 13:51:30.537564 u415 kernel: got a different opcode
Jun 16 13:51:30.537614 u415 kernel: got a different opcode
Jun 16 13:51:30.541067 u415 kernel: got a different opcode
Jun 16 13:51:30.541185 u415 kernel: got a different opcode
Jun 16 13:51:30.541247 u415 kernel: got a different opcode
Jun 16 13:51:30.541294 u415 kernel: got a different opcode
Jun 16 13:51:30.545063 u415 kernel: got a different opcode
Jun 16 13:51:30.549068 u415 kernel: got a different opcode
Jun 16 13:51:30.549207 u415 kernel: got a different opcode
Jun 16 13:51:30.549261 u415 kernel: got a different opcode
Jun 16 13:51:30.549310 u415 kernel: got a different opcode
Jun 16 13:51:30.549357 u415 kernel: got a different opcode
Jun 16 13:51:30.549414 u415 kernel: got a different opcode
Jun 16 13:51:30.549465 u415 kernel: got a different opcode
Jun 16 13:51:30.549504 u415 kernel: got a different opcode
Jun 16 13:51:30.549548 u415 kernel: got a different opcode
Jun 16 13:51:30.549592 u415 kernel: got a different opcode
Jun 16 13:51:30.549639 u415 kernel: got a different opcode
Jun 16 13:51:30.553063 u415 kernel: got a different opcode
Jun 16 13:51:30.553199 u415 kernel: got a different opcode
Jun 16 13:51:30.553254 u415 kernel: got a different opcode
Jun 16 13:51:30.553293 u415 kernel: got a different opcode
Jun 16 13:51:30.553337 u415 kernel: got a different opcode
Jun 16 13:51:30.553386 u415 kernel: got a different opcode
Jun 16 13:51:30.553430 u415 kernel: got a different opcode
Jun 16 13:51:30.553492 u415 kernel: got a different opcode
Jun 16 13:51:30.553522 u415 kernel: got a different opcode
Jun 16 13:51:30.553557 u415 kernel: got a different opcode
Jun 16 13:51:30.553602 u415 kernel: got a different opcode
Jun 16 13:51:30.557065 u415 kernel: got a different opcode
Jun 16 13:51:30.557207 u415 kernel: got a different opcode
Jun 16 13:51:30.557286 u415 kernel: got a different opcode
Jun 16 13:51:30.557327 u415 kernel: got a different opcode
Jun 16 13:51:30.557377 u415 kernel: got a different opcode
Jun 16 13:51:30.557423 u415 kernel: got a different opcode
Jun 16 13:51:30.557459 u415 kernel: got a different opcode
Jun 16 13:51:30.557497 u415 kernel: got a different opcode
Jun 16 13:51:30.557547 u415 kernel: got a different opcode
Jun 16 13:51:30.557594 u415 kernel: got a different opcode
Jun 16 13:51:30.557633 u415 kernel: got a different opcode
Jun 16 13:51:30.557663 u415 kernel: got a different opcode
Jun 16 13:51:30.557705 u415 kernel: got a different opcode
Jun 16 13:51:30.557742 u415 kernel: got a different opcode
Jun 16 13:51:30.557786 u415 kernel: got a different opcode
Jun 16 13:51:30.561064 u415 kernel: got a different opcode
Jun 16 13:51:30.561182 u415 kernel: got a different opcode
Jun 16 13:51:30.561226 u415 kernel: got a different opcode
Jun 16 13:51:30.561264 u415 kernel: got a different opcode
Jun 16 13:51:30.565064 u415 kernel: got a different opcode
Jun 16 13:51:30.565198 u415 kernel: got a different opcode
Jun 16 13:51:30.565254 u415 kernel: got a different opcode
Jun 16 13:51:30.565292 u415 kernel: got a different opcode
Jun 16 13:51:30.565341 u415 kernel: got a different opcode
Jun 16 13:51:30.565389 u415 kernel: got a different opcode
Jun 16 13:51:30.569062 u415 kernel: got a different opcode
Jun 16 13:51:30.569208 u415 kernel: got a different opcode
Jun 16 13:51:30.569263 u415 kernel: got a different opcode
Jun 16 13:51:30.569303 u415 kernel: got a different opcode
Jun 16 13:51:30.569348 u415 kernel: got a different opcode
Jun 16 13:51:30.569394 u415 kernel: got a different opcode
Jun 16 13:51:30.573062 u415 kernel: got a different opcode
Jun 16 13:51:30.625100 u415 kernel: got a different opcode
Jun 16 13:51:30.625241 u415 kernel: got a different opcode
Jun 16 13:51:30.629028 u415 kernel: got a different opcode
Jun 16 13:51:30.633038 u415 kernel: got a different opcode
Jun 16 13:51:30.633171 u415 kernel: got a different opcode
Jun 16 13:51:30.633225 u415 kernel: got a different opcode
Jun 16 13:51:30.633274 u415 kernel: got a different opcode
Jun 16 13:51:30.633322 u415 kernel: got a different opcode
Jun 16 13:51:30.633359 u415 kernel: got a different opcode
Jun 16 13:51:30.645030 u415 kernel: got a different opcode
Jun 16 13:51:30.645161 u415 kernel: got a different opcode
Jun 16 13:51:30.645215 u415 kernel: got a different opcode
Jun 16 13:51:30.669044 u415 kernel: got a different opcode
Jun 16 13:51:30.673030 u415 kernel: got a different opcode
Jun 16 13:51:30.673168 u415 kernel: got a different opcode
Jun 16 13:51:30.673234 u415 kernel: got a different opcode
Jun 16 13:51:30.673274 u415 kernel: got a different opcode
Jun 16 13:51:30.673318 u415 kernel: got a different opcode
Jun 16 13:51:30.673354 u415 kernel: got a different opcode
Jun 16 13:51:30.673399 u415 kernel: got a different opcode
Jun 16 13:51:30.689027 u415 kernel: got a different opcode
Jun 16 13:51:30.709027 u415 kernel: got a different opcode
Jun 16 13:51:30.737026 u415 kernel: got a different opcode
Jun 16 13:51:30.741027 u415 kernel: got a different opcode
Jun 16 13:51:30.741157 u415 kernel: got a different opcode
Jun 16 13:51:30.745042 u415 kernel: got a different opcode
Jun 16 13:51:30.753028 u415 kernel: got a different opcode
Jun 16 13:51:30.789072 u415 kernel: got a different opcode
Jun 16 13:51:30.793027 u415 kernel: got a different opcode
Jun 16 13:51:30.801026 u415 kernel: got a different opcode
Jun 16 13:51:30.817028 u415 kernel: got a different opcode
Jun 16 13:51:30.825026 u415 kernel: got a different opcode
Jun 16 13:51:30.829027 u415 kernel: got a different opcode
Jun 16 13:51:30.841033 u415 kernel: got a different opcode
Jun 16 13:51:30.841150 u415 kernel: got a different opcode
Jun 16 13:51:30.841192 u415 kernel: got a different opcode
Jun 16 13:51:30.845028 u415 kernel: got a different opcode
Jun 16 13:51:30.849026 u415 kernel: got a different opcode
Jun 16 13:51:30.849139 u415 kernel: got a different opcode
Jun 16 13:51:30.849182 u415 kernel: got a different opcode
Jun 16 13:51:30.849235 u415 kernel: got a different opcode
Jun 16 13:51:30.849285 u415 kernel: got a different opcode
Jun 16 13:51:30.853026 u415 kernel: got a different opcode
Jun 16 13:51:30.853155 u415 kernel: got a different opcode
Jun 16 13:51:30.853207 u415 kernel: got a different opcode
Jun 16 13:51:30.853260 u415 kernel: got a different opcode
Jun 16 13:51:30.853295 u415 kernel: got a different opcode
Jun 16 13:51:30.853328 u415 kernel: got a different opcode
Jun 16 13:51:30.853375 u415 kernel: got a different opcode
Jun 16 13:51:30.853421 u415 kernel: got a different opcode
Jun 16 13:51:30.857035 u415 kernel: got a different opcode
Jun 16 13:51:30.857162 u415 kernel: got a different opcode
Jun 16 13:51:30.857215 u415 kernel: got a different opcode
Jun 16 13:51:30.857261 u415 kernel: got a different opcode
Jun 16 13:51:30.857294 u415 kernel: got a different opcode
Jun 16 13:51:30.857350 u415 kernel: got a different opcode
Jun 16 13:51:30.857388 u415 kernel: got a different opcode
Jun 16 13:51:30.857423 u415 kernel: got a different opcode
Jun 16 13:51:30.857471 u415 kernel: got a different opcode
Jun 16 13:51:30.857620 u415 kernel: got a different opcode
Jun 16 13:51:30.861014 u415 kernel: got a different opcode
Jun 16 13:51:30.861106 u415 kernel: got a different opcode
Jun 16 13:51:30.865029 u415 kernel: got a different opcode
Jun 16 13:51:30.869027 u415 kernel: got a different opcode
Jun 16 13:51:30.869140 u415 kernel: got a different opcode
Jun 16 13:51:30.877044 u415 kernel: got a different opcode
Jun 16 13:51:30.885024 u415 kernel: got a different opcode
Jun 16 13:51:30.885155 u415 kernel: got a different opcode
Jun 16 13:51:30.889024 u415 kernel: got a different opcode
Jun 16 13:51:30.889139 u415 kernel: got a different opcode
Jun 16 13:51:30.893023 u415 kernel: got a different opcode
Jun 16 13:51:30.897046 u415 kernel: got a different opcode
Jun 16 13:51:30.897157 u415 kernel: got a different opcode
Jun 16 13:51:30.897202 u415 kernel: got a different opcode
Jun 16 13:51:30.897256 u415 kernel: got a different opcode
Jun 16 13:51:30.897302 u415 kernel: got a different opcode
Jun 16 13:51:30.897335 u415 kernel: got a different opcode
Jun 16 13:51:30.897369 u415 kernel: got a different opcode
Jun 16 13:51:30.897407 u415 kernel: got a different opcode
Jun 16 13:51:30.897437 u415 kernel: got a different opcode
Jun 16 13:51:30.897468 u415 kernel: got a different opcode
Jun 16 13:51:30.897518 u415 kernel: got a different opcode
Jun 16 13:51:30.897552 u415 kernel: got a different opcode
Jun 16 13:51:30.897595 u415 kernel: got a different opcode
Jun 16 13:51:30.897638 u415 kernel: got a different opcode
Jun 16 13:51:30.897683 u415 kernel: got a different opcode
Jun 16 13:51:30.901037 u415 kernel: got a different opcode
Jun 16 13:51:30.905024 u415 kernel: got a different opcode
Jun 16 13:51:30.913025 u415 kernel: got a different opcode
Jun 16 13:51:30.913137 u415 kernel: got a different opcode
Jun 16 13:51:30.913175 u415 kernel: got a different opcode
Jun 16 13:51:30.913234 u415 kernel: got a different opcode
Jun 16 13:51:30.913272 u415 kernel: got a different opcode
Jun 16 13:51:30.917040 u415 kernel: got a different opcode
Jun 16 13:51:30.921027 u415 kernel: got a different opcode
Jun 16 13:51:30.921156 u415 kernel: got a different opcode
Jun 16 13:51:30.921212 u415 kernel: got a different opcode
Jun 16 13:51:30.921245 u415 kernel: got a different opcode
Jun 16 13:51:30.921292 u415 kernel: got a different opcode
Jun 16 13:51:30.921330 u415 kernel: got a different opcode
Jun 16 13:51:30.921373 u415 kernel: got a different opcode
Jun 16 13:51:30.925029 u415 kernel: got a different opcode
Jun 16 13:51:30.929027 u415 kernel: got a different opcode
Jun 16 13:51:30.929147 u415 kernel: got a different opcode
Jun 16 13:51:30.929185 u415 kernel: got a different opcode
Jun 16 13:51:30.929224 u415 kernel: got a different opcode
Jun 16 13:51:30.929261 u415 kernel: got a different opcode
Jun 16 13:51:30.929323 u415 kernel: got a different opcode
Jun 16 13:51:30.929362 u415 kernel: got a different opcode
Jun 16 13:51:30.933026 u415 kernel: got a different opcode
Jun 16 13:51:30.941025 u415 kernel: got a different opcode
Jun 16 13:51:30.941141 u415 kernel: got a different opcode
Jun 16 13:51:30.945024 u415 kernel: got a different opcode
Jun 16 13:51:30.945139 u415 kernel: got a different opcode
Jun 16 13:51:30.945182 u415 kernel: got a different opcode
Jun 16 13:51:30.953040 u415 kernel: got a different opcode
Jun 16 13:51:30.961025 u415 kernel: got a different opcode
Jun 16 13:51:30.961157 u415 kernel: got a different opcode
Jun 16 13:51:30.965026 u415 kernel: got a different opcode
Jun 16 13:51:30.965119 u415 kernel: got a different opcode
Jun 16 13:51:30.969024 u415 kernel: got a different opcode
Jun 16 13:51:30.969139 u415 kernel: got a different opcode
Jun 16 13:51:30.969200 u415 kernel: got a different opcode
Jun 16 13:51:30.973042 u415 kernel: got a different opcode
Jun 16 13:51:30.973172 u415 kernel: got a different opcode
Jun 16 13:51:30.973217 u415 kernel: got a different opcode
Jun 16 13:51:30.977037 u415 kernel: got a different opcode
Jun 16 13:51:30.977150 u415 kernel: got a different opcode
Jun 16 13:51:30.977192 u415 kernel: got a different opcode
Jun 16 13:51:30.977231 u415 kernel: got a different opcode
Jun 16 13:51:30.977270 u415 kernel: got a different opcode
Jun 16 13:51:30.981024 u415 kernel: got a different opcode
Jun 16 13:51:30.981150 u415 kernel: got a different opcode
Jun 16 13:51:30.981201 u415 kernel: got a different opcode
Jun 16 13:51:30.981245 u415 kernel: got a different opcode
Jun 16 13:51:30.981286 u415 kernel: got a different opcode
Jun 16 13:51:30.981333 u415 kernel: got a different opcode
Jun 16 13:51:30.981370 u415 kernel: got a different opcode
Jun 16 13:51:30.981415 u415 kernel: got a different opcode
Jun 16 13:51:30.981451 u415 kernel: got a different opcode
Jun 16 13:51:30.981488 u415 kernel: got a different opcode
Jun 16 13:51:30.981534 u415 kernel: got a different opcode
Jun 16 13:51:30.981566 u415 kernel: got a different opcode
Jun 16 13:51:30.981611 u415 kernel: got a different opcode
Jun 16 13:51:30.981648 u415 kernel: got a different opcode
Jun 16 13:51:30.981702 u415 kernel: got a different opcode
Jun 16 13:51:30.981826 u415 kernel: got a different opcode
Jun 16 13:51:30.981872 u415 kernel: got a different opcode
Jun 16 13:51:30.985024 u415 kernel: got a different opcode
Jun 16 13:51:30.985116 u415 kernel: got a different opcode
Jun 16 13:51:30.985189 u415 kernel: got a different opcode
Jun 16 13:51:30.985222 u415 kernel: got a different opcode
Jun 16 13:51:30.989024 u415 kernel: got a different opcode
Jun 16 13:51:30.989138 u415 kernel: got a different opcode
Jun 16 13:51:30.989193 u415 kernel: got a different opcode
Jun 16 13:51:30.989241 u415 kernel: got a different opcode
Jun 16 13:51:30.989273 u415 kernel: got a different opcode
Jun 16 13:51:30.993039 u415 kernel: got a different opcode
Jun 16 13:51:30.993167 u415 kernel: got a different opcode
Jun 16 13:51:30.993222 u415 kernel: got a different opcode
Jun 16 13:51:30.993277 u415 kernel: got a different opcode
Jun 16 13:51:30.993315 u415 kernel: got a different opcode
Jun 16 13:51:30.993361 u415 kernel: got a different opcode
Jun 16 13:51:30.997027 u415 kernel: got a different opcode
Jun 16 13:51:30.997142 u415 kernel: got a different opcode
Jun 16 13:51:30.997185 u415 kernel: got a different opcode
Jun 16 13:51:30.997251 u415 kernel: got a different opcode
Jun 16 13:51:30.997289 u415 kernel: got a different opcode
Jun 16 13:51:31.001029 u415 kernel: got a different opcode
Jun 16 13:51:31.001142 u415 kernel: got a different opcode
Jun 16 13:51:31.001201 u415 kernel: got a different opcode
Jun 16 13:51:31.001248 u415 kernel: got a different opcode
Jun 16 13:51:31.001281 u415 kernel: got a different opcode
Jun 16 13:51:31.001335 u415 kernel: got a different opcode
Jun 16 13:51:31.001373 u415 kernel: got a different opcode
Jun 16 13:51:31.001408 u415 kernel: got a different opcode
Jun 16 13:51:31.001444 u415 kernel: got a different opcode
Jun 16 13:51:31.005024 u415 kernel: got a different opcode
Jun 16 13:51:31.005151 u415 kernel: got a different opcode
Jun 16 13:51:31.009030 u415 kernel: got a different opcode
Jun 16 13:51:31.009158 u415 kernel: got a different opcode
Jun 16 13:51:31.009202 u415 kernel: got a different opcode
Jun 16 13:51:31.009254 u415 kernel: got a different opcode
Jun 16 13:51:31.009316 u415 kernel: got a different opcode
Jun 16 13:51:31.009354 u415 kernel: got a different opcode
Jun 16 13:51:31.009389 u415 kernel: got a different opcode
Jun 16 13:51:31.009421 u415 kernel: got a different opcode
Jun 16 13:51:31.009457 u415 kernel: got a different opcode
Jun 16 13:51:31.013066 u415 kernel: got a different opcode
Jun 16 13:51:31.013158 u415 kernel: got a different opcode
Jun 16 13:51:31.013194 u415 kernel: got a different opcode
Jun 16 13:51:31.013262 u415 kernel: got a different opcode
Jun 16 13:51:31.013301 u415 kernel: got a different opcode
Jun 16 13:51:31.013338 u415 kernel: got a different opcode
Jun 16 13:51:31.013395 u415 kernel: got a different opcode
Jun 16 13:51:31.013427 u415 kernel: got a different opcode
Jun 16 13:51:31.017027 u415 kernel: got a different opcode
Jun 16 13:51:31.017142 u415 kernel: got a different opcode
Jun 16 13:51:31.017184 u415 kernel: got a different opcode
Jun 16 13:51:31.017218 u415 kernel: got a different opcode
Jun 16 13:51:31.021026 u415 kernel: got a different opcode
Jun 16 13:51:31.021120 u415 kernel: got a different opcode
Jun 16 13:51:31.021189 u415 kernel: got a different opcode
Jun 16 13:51:31.021229 u415 kernel: got a different opcode
Jun 16 13:51:31.021265 u415 kernel: got a different opcode
Jun 16 13:51:31.021304 u415 kernel: got a different opcode
Jun 16 13:51:31.021340 u415 kernel: got a different opcode
Jun 16 13:51:31.021388 u415 kernel: got a different opcode
Jun 16 13:51:31.021443 u415 kernel: got a different opcode
Jun 16 13:51:31.021475 u415 kernel: got a different opcode
Jun 16 13:51:31.021511 u415 kernel: got a different opcode
Jun 16 13:51:31.021543 u415 kernel: got a different opcode
Jun 16 13:51:31.025025 u415 kernel: got a different opcode
Jun 16 13:51:31.025151 u415 kernel: got a different opcode
Jun 16 13:51:31.025213 u415 kernel: got a different opcode
Jun 16 13:51:31.025253 u415 kernel: got a different opcode
Jun 16 13:51:31.025284 u415 kernel: got a different opcode
Jun 16 13:51:31.025333 u415 kernel: got a different opcode
Jun 16 13:51:31.025364 u415 kernel: got a different opcode
Jun 16 13:51:31.025409 u415 kernel: got a different opcode
Jun 16 13:51:31.025446 u415 kernel: got a different opcode
Jun 16 13:51:31.025504 u415 kernel: got a different opcode
Jun 16 13:51:31.025549 u415 kernel: got a different opcode
Jun 16 13:51:31.029026 u415 kernel: got a different opcode
Jun 16 13:51:31.029140 u415 kernel: got a different opcode
Jun 16 13:51:31.033054 u415 kernel: got a different opcode
Jun 16 13:51:31.033166 u415 kernel: got a different opcode
Jun 16 13:51:31.033209 u415 kernel: got a different opcode
Jun 16 13:51:31.033246 u415 kernel: got a different opcode
Jun 16 13:51:31.033298 u415 kernel: got a different opcode
Jun 16 13:51:31.037029 u415 kernel: got a different opcode
Jun 16 13:51:31.037143 u415 kernel: got a different opcode
Jun 16 13:51:31.037184 u415 kernel: got a different opcode
Jun 16 13:51:31.037222 u415 kernel: got a different opcode
Jun 16 13:51:31.037279 u415 kernel: got a different opcode
Jun 16 13:51:31.041027 u415 kernel: got a different opcode
Jun 16 13:51:31.041119 u415 kernel: got a different opcode
Jun 16 13:51:31.041177 u415 kernel: got a different opcode
Jun 16 13:51:31.041209 u415 kernel: got a different opcode
Jun 16 13:51:31.041263 u415 kernel: got a different opcode
Jun 16 13:51:31.041302 u415 kernel: got a different opcode
Jun 16 13:51:31.041340 u415 kernel: got a different opcode
Jun 16 13:51:31.041388 u415 kernel: got a different opcode
Jun 16 13:51:31.041431 u415 kernel: got a different opcode
Jun 16 13:51:31.041470 u415 kernel: got a different opcode
Jun 16 13:51:31.041508 u415 kernel: got a different opcode
Jun 16 13:51:31.041537 u415 kernel: got a different opcode
Jun 16 13:51:31.045025 u415 kernel: got a different opcode
Jun 16 13:51:31.045140 u415 kernel: got a different opcode
Jun 16 13:51:31.045184 u415 kernel: got a different opcode
Jun 16 13:51:31.045236 u415 kernel: got a different opcode
Jun 16 13:51:31.045269 u415 kernel: got a different opcode
Jun 16 13:51:31.049026 u415 kernel: got a different opcode
Jun 16 13:51:31.049122 u415 kernel: got a different opcode
Jun 16 13:51:31.049191 u415 kernel: got a different opcode
Jun 16 13:51:31.049226 u415 kernel: got a different opcode
Jun 16 13:51:31.049263 u415 kernel: got a different opcode
Jun 16 13:51:31.049302 u415 kernel: got a different opcode
Jun 16 13:51:31.049332 u415 kernel: got a different opcode
Jun 16 13:51:31.049377 u415 kernel: got a different opcode
Jun 16 13:51:31.049427 u415 kernel: got a different opcode
Jun 16 13:51:31.049459 u415 kernel: got a different opcode
Jun 16 13:51:31.049491 u415 kernel: got a different opcode
Jun 16 13:51:31.053049 u415 kernel: got a different opcode
Jun 16 13:51:31.053142 u415 kernel: got a different opcode
Jun 16 13:51:31.053199 u415 kernel: got a different opcode
Jun 16 13:51:31.053251 u415 kernel: got a different opcode
Jun 16 13:51:31.053290 u415 kernel: got a different opcode
Jun 16 13:51:31.053323 u415 kernel: got a different opcode
Jun 16 13:51:31.057026 u415 kernel: got a different opcode
Jun 16 13:51:31.057153 u415 kernel: got a different opcode
Jun 16 13:51:31.057204 u415 kernel: got a different opcode
Jun 16 13:51:31.061025 u415 kernel: got a different opcode
Jun 16 13:51:31.061172 u415 kernel: got a different opcode
Jun 16 13:51:31.061219 u415 kernel: got a different opcode
Jun 16 13:51:31.061253 u415 kernel: got a different opcode
Jun 16 13:51:31.061282 u415 kernel: got a different opcode
Jun 16 13:51:31.061315 u415 kernel: got a different opcode
Jun 16 13:51:31.065026 u415 kernel: got a different opcode
Jun 16 13:51:31.065156 u415 kernel: got a different opcode
Jun 16 13:51:31.065199 u415 kernel: got a different opcode
Jun 16 13:51:31.065233 u415 kernel: got a different opcode
Jun 16 13:51:31.069041 u415 kernel: got a different opcode
Jun 16 13:51:31.069170 u415 kernel: got a different opcode
Jun 16 13:51:31.069214 u415 kernel: got a different opcode
Jun 16 13:51:31.069253 u415 kernel: got a different opcode
Jun 16 13:51:31.069308 u415 kernel: got a different opcode
Jun 16 13:51:31.069345 u415 kernel: got a different opcode
Jun 16 13:51:31.069376 u415 kernel: got a different opcode
Jun 16 13:51:31.073028 u415 kernel: got a different opcode
Jun 16 13:51:31.073140 u415 kernel: got a different opcode
Jun 16 13:51:31.073178 u415 kernel: got a different opcode
Jun 16 13:51:31.073208 u415 kernel: got a different opcode
Jun 16 13:51:31.073246 u415 kernel: got a different opcode
Jun 16 13:51:31.073276 u415 kernel: got a different opcode
Jun 16 13:51:31.073327 u415 kernel: got a different opcode
Jun 16 13:51:31.081028 u415 kernel: got a different opcode
Jun 16 13:51:31.081140 u415 kernel: got a different opcode
Jun 16 13:51:31.085058 u415 kernel: got a different opcode
Jun 16 13:51:31.085191 u415 kernel: got a different opcode
Jun 16 13:51:31.085238 u415 kernel: got a different opcode
Jun 16 13:51:31.089026 u415 kernel: got a different opcode
Jun 16 13:51:31.089137 u415 kernel: got a different opcode
Jun 16 13:51:31.093024 u415 kernel: got a different opcode
Jun 16 13:51:31.101024 u415 kernel: got a different opcode
Jun 16 13:51:31.101139 u415 kernel: got a different opcode
Jun 16 13:51:31.101182 u415 kernel: got a different opcode
Jun 16 13:51:31.105043 u415 kernel: got a different opcode
Jun 16 13:51:31.105175 u415 kernel: got a different opcode
Jun 16 13:51:31.109025 u415 kernel: got a different opcode
Jun 16 13:51:31.109118 u415 kernel: got a different opcode
Jun 16 13:51:31.113030 u415 kernel: got a different opcode
Jun 16 13:51:31.117026 u415 kernel: got a different opcode
Jun 16 13:51:31.125039 u415 kernel: got a different opcode
Jun 16 13:51:31.125167 u415 kernel: got a different opcode
Jun 16 13:51:31.125223 u415 kernel: got a different opcode
Jun 16 13:51:31.129026 u415 kernel: got a different opcode
Jun 16 13:51:31.129120 u415 kernel: got a different opcode
Jun 16 13:51:31.129176 u415 kernel: got a different opcode
Jun 16 13:51:31.129211 u415 kernel: got a different opcode
Jun 16 13:51:31.137038 u415 kernel: got a different opcode
Jun 16 13:51:31.137132 u415 kernel: got a different opcode
Jun 16 13:51:31.141026 u415 kernel: got a different opcode
Jun 16 13:51:31.141153 u415 kernel: got a different opcode
Jun 16 13:51:31.141198 u415 kernel: got a different opcode
Jun 16 13:51:31.145027 u415 kernel: got a different opcode
Jun 16 13:51:31.145165 u415 kernel: got a different opcode
Jun 16 13:51:31.145210 u415 kernel: got a different opcode
Jun 16 13:51:31.149024 u415 kernel: got a different opcode
Jun 16 13:51:31.149151 u415 kernel: got a different opcode
Jun 16 13:51:31.149196 u415 kernel: got a different opcode
Jun 16 13:51:31.153023 u415 kernel: got a different opcode
Jun 16 13:51:31.153116 u415 kernel: got a different opcode
Jun 16 13:51:31.157050 u415 kernel: got a different opcode
Jun 16 13:51:31.157140 u415 kernel: got a different opcode
Jun 16 13:51:31.161024 u415 kernel: got a different opcode
Jun 16 13:51:31.165025 u415 kernel: got a different opcode
Jun 16 13:51:31.165119 u415 kernel: got a different opcode
Jun 16 13:51:31.165190 u415 kernel: got a different opcode
Jun 16 13:51:31.181026 u415 kernel: got a different opcode
Jun 16 13:51:31.181155 u415 kernel: got a different opcode
Jun 16 13:51:31.181194 u415 kernel: got a different opcode
Jun 16 13:51:31.181247 u415 kernel: got a different opcode
Jun 16 13:51:31.185024 u415 kernel: got a different opcode
Jun 16 13:51:31.189025 u415 kernel: got a different opcode
Jun 16 13:51:31.193024 u415 kernel: got a different opcode
Jun 16 13:51:31.193137 u415 kernel: got a different opcode
Jun 16 13:51:31.193176 u415 kernel: got a different opcode
Jun 16 13:51:31.193226 u415 kernel: got a different opcode
Jun 16 13:51:31.193264 u415 kernel: got a different opcode
Jun 16 13:51:31.193303 u415 kernel: got a different opcode
Jun 16 13:51:31.197030 u415 kernel: got a different opcode
Jun 16 13:51:31.197168 u415 kernel: got a different opcode
Jun 16 13:51:31.201030 u415 kernel: got a different opcode
Jun 16 13:51:31.201157 u415 kernel: got a different opcode
Jun 16 13:51:31.205026 u415 kernel: got a different opcode
Jun 16 13:51:31.213015 u415 kernel: got a different opcode
Jun 16 13:51:31.217042 u415 kernel: got a different opcode
Jun 16 13:51:31.217169 u415 kernel: got a different opcode
Jun 16 13:51:31.217207 u415 kernel: got a different opcode
Jun 16 13:51:31.217240 u415 kernel: got a different opcode
Jun 16 13:51:31.221025 u415 kernel: got a different opcode
Jun 16 13:51:31.221138 u415 kernel: got a different opcode
Jun 16 13:51:31.221195 u415 kernel: got a different opcode
Jun 16 13:51:31.221230 u415 kernel: got a different opcode
Jun 16 13:51:31.221282 u415 kernel: got a different opcode
Jun 16 13:51:31.225024 u415 kernel: got a different opcode
Jun 16 13:51:31.229027 u415 kernel: got a different opcode
Jun 16 13:51:31.233025 u415 kernel: got a different opcode
Jun 16 13:51:31.233118 u415 kernel: got a different opcode
Jun 16 13:51:31.237041 u415 kernel: got a different opcode
Jun 16 13:51:31.237171 u415 kernel: got a different opcode
Jun 16 13:51:31.237209 u415 kernel: got a different opcode
Jun 16 13:51:31.237261 u415 kernel: got a different opcode
Jun 16 13:51:31.237298 u415 kernel: got a different opcode
Jun 16 13:51:31.237334 u415 kernel: got a different opcode
Jun 16 13:51:31.241028 u415 kernel: got a different opcode
Jun 16 13:51:31.245026 u415 kernel: got a different opcode
Jun 16 13:51:31.245163 u415 kernel: got a different opcode
Jun 16 13:51:31.245209 u415 kernel: got a different opcode
Jun 16 13:51:31.249032 u415 kernel: got a different opcode
Jun 16 13:51:31.253026 u415 kernel: got a different opcode
Jun 16 13:51:31.253119 u415 kernel: got a different opcode
Jun 16 13:51:31.253155 u415 kernel: got a different opcode
Jun 16 13:51:31.253207 u415 kernel: got a different opcode
Jun 16 13:51:31.257045 u415 kernel: got a different opcode
Jun 16 13:51:31.261028 u415 kernel: got a different opcode
Jun 16 13:51:31.261121 u415 kernel: got a different opcode
Jun 16 13:51:31.265027 u415 kernel: got a different opcode
Jun 16 13:51:31.265142 u415 kernel: got a different opcode
Jun 16 13:51:31.273028 u415 kernel: got a different opcode
Jun 16 13:51:31.277044 u415 kernel: got a different opcode
Jun 16 13:51:31.277171 u415 kernel: got a different opcode
Jun 16 13:51:31.281024 u415 kernel: got a different opcode
Jun 16 13:51:31.285026 u415 kernel: got a different opcode
Jun 16 13:51:31.297024 u415 kernel: got a different opcode
Jun 16 13:51:31.297119 u415 kernel: got a different opcode
Jun 16 13:51:31.301026 u415 kernel: got a different opcode
Jun 16 13:51:31.301119 u415 kernel: got a different opcode
Jun 16 13:51:31.301178 u415 kernel: got a different opcode
Jun 16 13:51:31.301208 u415 kernel: got a different opcode
Jun 16 13:51:31.305040 u415 kernel: got a different opcode
Jun 16 13:51:31.305152 u415 kernel: got a different opcode
Jun 16 13:51:31.305189 u415 kernel: got a different opcode
Jun 16 13:51:31.305327 u415 kernel: got a different opcode
Jun 16 13:51:31.305362 u415 kernel: got a different opcode
Jun 16 13:51:31.305414 u415 kernel: got a different opcode
Jun 16 13:51:31.305447 u415 kernel: got a different opcode
Jun 16 13:51:31.305475 u415 kernel: got a different opcode
Jun 16 13:51:31.305520 u415 kernel: got a different opcode
Jun 16 13:51:31.305565 u415 kernel: got a different opcode
Jun 16 13:51:31.305597 u415 kernel: got a different opcode
Jun 16 13:51:31.305634 u415 kernel: got a different opcode
Jun 16 13:51:31.305668 u415 kernel: got a different opcode
Jun 16 13:51:31.305707 u415 kernel: got a different opcode
Jun 16 13:51:31.305742 u415 kernel: got a different opcode
Jun 16 13:51:31.305774 u415 kernel: got a different opcode
Jun 16 13:51:31.305805 u415 kernel: got a different opcode
Jun 16 13:51:31.305847 u415 kernel: got a different opcode
Jun 16 13:51:31.309029 u415 kernel: got a different opcode
Jun 16 13:51:31.309158 u415 kernel: got a different opcode
Jun 16 13:51:31.313019 u415 kernel: got a different opcode
Jun 16 13:51:31.313113 u415 kernel: got a different opcode
Jun 16 13:51:31.313185 u415 kernel: got a different opcode
Jun 16 13:51:31.317026 u415 kernel: got a different opcode
Jun 16 13:51:31.317141 u415 kernel: got a different opcode
Jun 16 13:51:31.317178 u415 kernel: got a different opcode
Jun 16 13:51:31.317216 u415 kernel: got a different opcode
Jun 16 13:51:31.321026 u415 kernel: got a different opcode
Jun 16 13:51:31.321141 u415 kernel: got a different opcode
Jun 16 13:51:31.321177 u415 kernel: got a different opcode
Jun 16 13:51:31.321242 u415 kernel: got a different opcode
Jun 16 13:51:31.321280 u415 kernel: got a different opcode
Jun 16 13:51:31.321312 u415 kernel: got a different opcode
Jun 16 13:51:31.321350 u415 kernel: got a different opcode
Jun 16 13:51:31.321385 u415 kernel: got a different opcode
Jun 16 13:51:31.321419 u415 kernel: got a different opcode
Jun 16 13:51:31.321453 u415 kernel: got a different opcode
Jun 16 13:51:31.321490 u415 kernel: got a different opcode
Jun 16 13:51:31.321551 u415 kernel: got a different opcode
Jun 16 13:51:31.321588 u415 kernel: got a different opcode
Jun 16 13:51:31.321624 u415 kernel: got a different opcode
Jun 16 13:51:31.321656 u415 kernel: got a different opcode
Jun 16 13:51:31.321691 u415 kernel: got a different opcode
Jun 16 13:51:31.321731 u415 kernel: got a different opcode
Jun 16 13:51:31.321768 u415 kernel: got a different opcode
Jun 16 13:51:31.321803 u415 kernel: got a different opcode
Jun 16 13:51:31.321857 u415 kernel: got a different opcode
Jun 16 13:51:31.321900 u415 kernel: got a different opcode
Jun 16 13:51:31.321931 u415 kernel: got a different opcode
Jun 16 13:51:31.321962 u415 kernel: got a different opcode
Jun 16 13:51:31.321992 u415 kernel: got a different opcode
Jun 16 13:51:31.322022 u415 kernel: got a different opcode
Jun 16 13:51:31.322059 u415 kernel: got a different opcode
Jun 16 13:51:31.322090 u415 kernel: got a different opcode
Jun 16 13:51:31.322120 u415 kernel: got a different opcode
Jun 16 13:51:31.322178 u415 kernel: got a different opcode
Jun 16 13:51:31.322230 u415 kernel: got a different opcode
Jun 16 13:51:31.322267 u415 kernel: got a different opcode
Jun 16 13:51:31.322301 u415 kernel: got a different opcode
Jun 16 13:51:31.322336 u415 kernel: got a different opcode
Jun 16 13:51:31.325022 u415 kernel: got a different opcode
Jun 16 13:51:31.325090 u415 kernel: got a different opcode
Jun 16 13:51:31.325122 u415 kernel: got a different opcode
Jun 16 13:51:31.325152 u415 kernel: got a different opcode
Jun 16 13:51:31.325199 u415 kernel: got a different opcode
Jun 16 13:51:31.325236 u415 kernel: got a different opcode
Jun 16 13:51:31.325274 u415 kernel: got a different opcode
Jun 16 13:51:31.325319 u415 kernel: got a different opcode
Jun 16 13:51:31.325352 u415 kernel: got a different opcode
Jun 16 13:51:31.329029 u415 kernel: got a different opcode
Jun 16 13:51:31.329142 u415 kernel: got a different opcode
Jun 16 13:51:31.329184 u415 kernel: got a different opcode
Jun 16 13:51:31.329216 u415 kernel: got a different opcode
Jun 16 13:51:31.329246 u415 kernel: got a different opcode
Jun 16 13:51:31.333028 u415 kernel: got a different opcode
Jun 16 13:51:31.333160 u415 kernel: got a different opcode
Jun 16 13:51:31.333207 u415 kernel: got a different opcode
Jun 16 13:51:31.333237 u415 kernel: got a different opcode
Jun 16 13:51:31.333276 u415 kernel: got a different opcode
Jun 16 13:51:31.333313 u415 kernel: got a different opcode
Jun 16 13:51:31.333349 u415 kernel: got a different opcode
Jun 16 13:51:31.333396 u415 kernel: got a different opcode
Jun 16 13:51:31.337036 u415 kernel: got a different opcode
Jun 16 13:51:31.337151 u415 kernel: got a different opcode
Jun 16 13:51:31.337186 u415 kernel: got a different opcode
Jun 16 13:51:31.337241 u415 kernel: got a different opcode
Jun 16 13:51:31.337279 u415 kernel: got a different opcode
Jun 16 13:51:31.337312 u415 kernel: got a different opcode
Jun 16 13:51:31.337342 u415 kernel: got a different opcode
Jun 16 13:51:31.337377 u415 kernel: got a different opcode
Jun 16 13:51:31.341023 u415 kernel: got a different opcode
Jun 16 13:51:31.341139 u415 kernel: got a different opcode
Jun 16 13:51:31.341196 u415 kernel: got a different opcode
Jun 16 13:51:31.341235 u415 kernel: got a different opcode
Jun 16 13:51:31.341267 u415 kernel: got a different opcode
Jun 16 13:51:31.341307 u415 kernel: got a different opcode
Jun 16 13:51:31.341345 u415 kernel: got a different opcode
Jun 16 13:51:31.341380 u415 kernel: got a different opcode
Jun 16 13:51:31.341427 u415 kernel: got a different opcode
Jun 16 13:51:31.341460 u415 kernel: got a different opcode
Jun 16 13:51:31.341491 u415 kernel: got a different opcode
Jun 16 13:51:31.341526 u415 kernel: got a different opcode
Jun 16 13:51:31.341556 u415 kernel: got a different opcode
Jun 16 13:51:31.345058 u415 kernel: got a different opcode
Jun 16 13:51:31.345152 u415 kernel: got a different opcode
Jun 16 13:51:31.345186 u415 kernel: got a different opcode
Jun 16 13:51:31.345218 u415 kernel: got a different opcode
Jun 16 13:51:31.349025 u415 kernel: got a different opcode
Jun 16 13:51:31.349143 u415 kernel: got a different opcode
Jun 16 13:51:31.349189 u415 kernel: got a different opcode
Jun 16 13:51:31.349221 u415 kernel: got a different opcode
Jun 16 13:51:31.349253 u415 kernel: got a different opcode
Jun 16 13:51:31.349288 u415 kernel: got a different opcode
Jun 16 13:51:31.353023 u415 kernel: got a different opcode
Jun 16 13:51:31.353137 u415 kernel: got a different opcode
Jun 16 13:51:31.353174 u415 kernel: got a different opcode
Jun 16 13:51:31.357025 u415 kernel: got a different opcode
Jun 16 13:51:31.357138 u415 kernel: got a different opcode
Jun 16 13:51:31.361041 u415 kernel: got a different opcode
Jun 16 13:51:31.361167 u415 kernel: got a different opcode
Jun 16 13:51:31.361215 u415 kernel: got a different opcode
Jun 16 13:51:31.361251 u415 kernel: got a different opcode
Jun 16 13:51:31.361299 u415 kernel: got a different opcode
Jun 16 13:51:31.361346 u415 kernel: got a different opcode
Jun 16 13:51:31.361383 u415 kernel: got a different opcode
Jun 16 13:51:31.361416 u415 kernel: got a different opcode
Jun 16 13:51:31.361444 u415 kernel: got a different opcode
Jun 16 13:51:31.361492 u415 kernel: got a different opcode
Jun 16 13:51:31.361524 u415 kernel: got a different opcode
Jun 16 13:51:31.361567 u415 kernel: got a different opcode
Jun 16 13:51:31.361600 u415 kernel: got a different opcode
Jun 16 13:51:31.361640 u415 kernel: got a different opcode
Jun 16 13:51:31.361679 u415 kernel: got a different opcode
Jun 16 13:51:31.361709 u415 kernel: got a different opcode
Jun 16 13:51:31.361746 u415 kernel: got a different opcode
Jun 16 13:51:31.361785 u415 kernel: got a different opcode
Jun 16 13:51:31.361815 u415 kernel: got a different opcode
Jun 16 13:51:31.361852 u415 kernel: got a different opcode
Jun 16 13:51:31.361882 u415 kernel: got a different opcode
Jun 16 13:51:31.361921 u415 kernel: got a different opcode
Jun 16 13:51:31.361956 u415 kernel: got a different opcode
Jun 16 13:51:31.361990 u415 kernel: got a different opcode
Jun 16 13:51:31.362022 u415 kernel: got a different opcode
Jun 16 13:51:31.362067 u415 kernel: got a different opcode
Jun 16 13:51:31.362100 u415 kernel: got a different opcode
Jun 16 13:51:31.365024 u415 kernel: got a different opcode
Jun 16 13:51:31.365118 u415 kernel: got a different opcode
Jun 16 13:51:31.365152 u415 kernel: got a different opcode
Jun 16 13:51:31.365229 u415 kernel: got a different opcode
Jun 16 13:51:31.365271 u415 kernel: got a different opcode
Jun 16 13:51:31.365319 u415 kernel: got a different opcode
Jun 16 13:51:31.365355 u415 kernel: got a different opcode
Jun 16 13:51:31.365387 u415 kernel: got a different opcode
Jun 16 13:51:31.365419 u415 kernel: got a different opcode
Jun 16 13:51:31.365449 u415 kernel: got a different opcode
Jun 16 13:51:31.365480 u415 kernel: got a different opcode
Jun 16 13:51:31.365515 u415 kernel: got a different opcode
Jun 16 13:51:31.365548 u415 kernel: got a different opcode
Jun 16 13:51:31.369035 u415 kernel: got a different opcode
Jun 16 13:51:31.369149 u415 kernel: got a different opcode
Jun 16 13:51:31.369191 u415 kernel: got a different opcode
Jun 16 13:51:31.369254 u415 kernel: got a different opcode
Jun 16 13:51:31.369288 u415 kernel: got a different opcode
Jun 16 13:51:31.369321 u415 kernel: got a different opcode
Jun 16 13:51:31.369364 u415 kernel: got a different opcode
Jun 16 13:51:31.373027 u415 kernel: got a different opcode
Jun 16 13:51:31.377026 u415 kernel: got a different opcode
Jun 16 13:51:31.377119 u415 kernel: got a different opcode
Jun 16 13:51:31.381054 u415 kernel: got a different opcode
Jun 16 13:51:31.381181 u415 kernel: got a different opcode
Jun 16 13:51:31.381234 u415 kernel: got a different opcode
Jun 16 13:51:31.381270 u415 kernel: got a different opcode
Jun 16 13:51:31.381299 u415 kernel: got a different opcode
Jun 16 13:51:31.381332 u415 kernel: got a different opcode
Jun 16 13:51:31.381372 u415 kernel: got a different opcode
Jun 16 13:51:31.381404 u415 kernel: got a different opcode
Jun 16 13:51:31.381439 u415 kernel: got a different opcode
Jun 16 13:51:31.381472 u415 kernel: got a different opcode
Jun 16 13:51:31.385028 u415 kernel: got a different opcode
Jun 16 13:51:31.389026 u415 kernel: got a different opcode
Jun 16 13:51:31.389160 u415 kernel: got a different opcode
Jun 16 13:51:31.389205 u415 kernel: got a different opcode
Jun 16 13:51:31.389243 u415 kernel: got a different opcode
Jun 16 13:51:31.389279 u415 kernel: got a different opcode
Jun 16 13:51:31.389315 u415 kernel: got a different opcode
Jun 16 13:51:31.389347 u415 kernel: got a different opcode
Jun 16 13:51:31.389375 u415 kernel: got a different opcode
Jun 16 13:51:31.389419 u415 kernel: got a different opcode
Jun 16 13:51:31.389451 u415 kernel: got a different opcode
Jun 16 13:51:31.389486 u415 kernel: got a different opcode
Jun 16 13:51:31.389517 u415 kernel: got a different opcode
Jun 16 13:51:31.389546 u415 kernel: got a different opcode
Jun 16 13:51:31.389578 u415 kernel: got a different opcode
Jun 16 13:51:31.393027 u415 kernel: got a different opcode
Jun 16 13:51:31.393147 u415 kernel: got a different opcode
Jun 16 13:51:31.401027 u415 kernel: got a different opcode
Jun 16 13:51:31.401152 u415 kernel: got a different opcode
Jun 16 13:51:31.401209 u415 kernel: got a different opcode
Jun 16 13:51:31.401244 u415 kernel: got a different opcode
Jun 16 13:51:31.401275 u415 kernel: got a different opcode
Jun 16 13:51:31.401310 u415 kernel: got a different opcode
Jun 16 13:51:31.405024 u415 kernel: got a different opcode
Jun 16 13:51:31.409026 u415 kernel: got a different opcode
Jun 16 13:51:31.409141 u415 kernel: got a different opcode
Jun 16 13:51:31.409184 u415 kernel: got a different opcode
Jun 16 13:51:31.409234 u415 kernel: got a different opcode
Jun 16 13:51:31.413016 u415 kernel: got a different opcode
Jun 16 13:51:31.413108 u415 kernel: got a different opcode
Jun 16 13:51:31.413164 u415 kernel: got a different opcode
Jun 16 13:51:31.413207 u415 kernel: got a different opcode
Jun 16 13:51:31.413265 u415 kernel: got a different opcode
Jun 16 13:51:31.413296 u415 kernel: got a different opcode
Jun 16 13:51:31.413328 u415 kernel: got a different opcode
Jun 16 13:51:31.417027 u415 kernel: got a different opcode
Jun 16 13:51:31.417154 u415 kernel: got a different opcode
Jun 16 13:51:31.417193 u415 kernel: got a different opcode
Jun 16 13:51:31.417230 u415 kernel: got a different opcode
Jun 16 13:51:31.417263 u415 kernel: got a different opcode
Jun 16 13:51:31.417309 u415 kernel: got a different opcode
Jun 16 13:51:31.417351 u415 kernel: got a different opcode
Jun 16 13:51:31.417384 u415 kernel: got a different opcode
Jun 16 13:51:31.421027 u415 kernel: got a different opcode
Jun 16 13:51:31.421146 u415 kernel: got a different opcode
Jun 16 13:51:31.421183 u415 kernel: got a different opcode
Jun 16 13:51:31.421222 u415 kernel: got a different opcode
Jun 16 13:51:31.421254 u415 kernel: got a different opcode
Jun 16 13:51:31.421286 u415 kernel: got a different opcode
Jun 16 13:51:31.421316 u415 kernel: got a different opcode
Jun 16 13:51:31.421353 u415 kernel: got a different opcode
Jun 16 13:51:31.425025 u415 kernel: got a different opcode
Jun 16 13:51:31.425117 u415 kernel: got a different opcode
Jun 16 13:51:31.425175 u415 kernel: got a different opcode
Jun 16 13:51:31.425205 u415 kernel: got a different opcode
Jun 16 13:51:31.425263 u415 kernel: got a different opcode
Jun 16 13:51:31.425301 u415 kernel: got a different opcode
Jun 16 13:51:31.425340 u415 kernel: got a different opcode
Jun 16 13:51:31.425386 u415 kernel: got a different opcode
Jun 16 13:51:31.429027 u415 kernel: got a different opcode
Jun 16 13:51:31.429121 u415 kernel: got a different opcode
Jun 16 13:51:31.429156 u415 kernel: got a different opcode
Jun 16 13:51:31.429207 u415 kernel: got a different opcode
Jun 16 13:51:31.429247 u415 kernel: got a different opcode
Jun 16 13:51:31.429285 u415 kernel: got a different opcode
Jun 16 13:51:31.429315 u415 kernel: got a different opcode
Jun 16 13:51:31.429368 u415 kernel: got a different opcode
Jun 16 13:51:31.429405 u415 kernel: got a different opcode
Jun 16 13:51:31.429441 u415 kernel: got a different opcode
Jun 16 13:51:31.429480 u415 kernel: got a different opcode
Jun 16 13:51:31.429525 u415 kernel: got a different opcode
Jun 16 13:51:31.429561 u415 kernel: got a different opcode
